../Core/Src/drivers/SoftwareSerial/SoftwareSerial.h:70:10:void SoftwareSerial::idle()	16	static,ignoring_inline_asm
../Core/Src/drivers/SoftwareSerial/SoftwareSerial.cpp:7:1:SoftwareSerial::SoftwareSerial(std::string, std::string)	32	static
../Core/Src/drivers/SoftwareSerial/SoftwareSerial.cpp:35:6:void SoftwareSerial::begin(int)	16	static
../Core/Src/drivers/SoftwareSerial/SoftwareSerial.cpp:44:6:void SoftwareSerial::setSpeed(int)	16	static
../Core/Src/drivers/SoftwareSerial/SoftwareSerial.cpp:52:6:void SoftwareSerial::setTX()	16	static
../Core/Src/drivers/SoftwareSerial/SoftwareSerial.cpp:64:6:void SoftwareSerial::setRX()	16	static
../Core/Src/drivers/SoftwareSerial/SoftwareSerial.cpp:71:6:void SoftwareSerial::setRXTX(bool)	16	static
../Core/Src/drivers/SoftwareSerial/SoftwareSerial.cpp:93:6:bool SoftwareSerial::listen()	16	static
../Core/Src/drivers/SoftwareSerial/SoftwareSerial.cpp:103:6:void SoftwareSerial::end()	16	static
../Core/Src/drivers/SoftwareSerial/SoftwareSerial.cpp:108:6:void SoftwareSerial::tickerHandler()	16	static
../Core/Src/drivers/SoftwareSerial/SoftwareSerial.cpp:114:6:void SoftwareSerial::send()	16	static
../Core/Src/drivers/SoftwareSerial/SoftwareSerial.cpp:143:6:void SoftwareSerial::receive()	24	static
../Core/Src/drivers/SoftwareSerial/SoftwareSerial.cpp:185:5:int SoftwareSerial::available()	16	static
../Core/Src/drivers/SoftwareSerial/SoftwareSerial.cpp:191:6:void SoftwareSerial::printStr(char*)	24	static
../Core/Src/drivers/SoftwareSerial/SoftwareSerial.cpp:202:6:void SoftwareSerial::write(int)	16	static
../Core/Src/drivers/SoftwareSerial/SoftwareSerial.cpp:217:9:int16_t SoftwareSerial::read()	24	static
