C:\ST\STM32CubeIDE_1.16.1\STM32CubeIDE\plugins\com.st.stm32cube.ide.mcu.externaltools.gnu-tools-for-stm32.12.3.rel1.win32_1.0.200.202406191623\tools\arm-none-eabi\include\c++\12.3.1\bits\std_function.h:241:5:std::_Function_base::~_Function_base()	16	static
F:/Local Repositories/Remora-STM32CubeIDE/Remora-STM32H7xx/Core/Src/lib/ArduinoJson7/../../modules/module.h:32:22:virtual bool Module::getUsesModulePost() const	16	static
C:\ST\STM32CubeIDE_1.16.1\STM32CubeIDE\plugins\com.st.stm32cube.ide.mcu.externaltools.gnu-tools-for-stm32.12.3.rel1.win32_1.0.200.202406191623\tools\arm-none-eabi\include\c++\12.3.1\bits\std_function.h:334:11:std::function<void(bool)>::~function()	16	static
../Core/Src/comms/commsInterface.cpp:3:1:CommsInterface::CommsInterface()	16	static
../Core/Src/comms/commsInterface.cpp:7:6:virtual void CommsInterface::init()	16	static
../Core/Src/comms/commsInterface.cpp:8:6:virtual void CommsInterface::start()	16	static
../Core/Src/comms/commsInterface.cpp:9:6:virtual void CommsInterface::tasks()	16	static
C:\ST\STM32CubeIDE_1.16.1\STM32CubeIDE\plugins\com.st.stm32cube.ide.mcu.externaltools.gnu-tools-for-stm32.12.3.rel1.win32_1.0.200.202406191623\tools\arm-none-eabi\include\c++\12.3.1\bits\std_function.h:239:5:constexpr std::_Function_base::_Function_base()	16	static
C:\ST\STM32CubeIDE_1.16.1\STM32CubeIDE\plugins\com.st.stm32cube.ide.mcu.externaltools.gnu-tools-for-stm32.12.3.rel1.win32_1.0.200.202406191623\tools\arm-none-eabi\include\c++\12.3.1\bits\std_function.h:368:7:)>::function() [with _Res = void; _ArgTypes = {bool}]	16	static
../Core/Src/comms/commsInterface.h:8:7:CommsInterface::~CommsInterface()	16	static
../Core/Src/comms/commsInterface.h:8:7:virtual CommsInterface::~CommsInterface()	16	static
