../Core/Src/drivers/SoftwareSPI/SoftwareSPI.cpp:3:6:void SoftwareSPI::delay()	24	static,ignoring_inline_asm
../Core/Src/drivers/SoftwareSPI/../../drivers/pin/pin.h:17:7:Pin::~Pin()	16	static
../Core/Src/drivers/SoftwareSPI/SoftwareSPI.cpp:11:1:SoftwareSPI::SoftwareSPI(const std::string&, const std::string&, const std::string&, uint8_t, BitOrder, ByteOrder)	24	static
../Core/Src/drivers/SoftwareSPI/SoftwareSPI.cpp:24:1:SoftwareSPI::SoftwareSPI(const std::string&, const std::string&, const std::string&, const std::string&, uint8_t, BitOrder, ByteOrder)	32	static
../Core/Src/drivers/SoftwareSPI/SoftwareSPI.cpp:38:1:SoftwareSPI::~SoftwareSPI()	24	static
../Core/Src/drivers/SoftwareSPI/SoftwareSPI.cpp:44:6:void SoftwareSPI::begin()	16	static
../Core/Src/drivers/SoftwareSPI/SoftwareSPI.cpp:52:6:void SoftwareSPI::end()	16	static
../Core/Src/drivers/SoftwareSPI/SoftwareSPI.cpp:59:6:void SoftwareSPI::setClockDivider(uint32_t)	16	static
../Core/Src/drivers/SoftwareSPI/SoftwareSPI.cpp:63:6:void SoftwareSPI::setSPIMode(uint8_t)	16	static
../Core/Src/drivers/SoftwareSPI/SoftwareSPI.cpp:68:6:void SoftwareSPI::transfer(uint8_t*, size_t)	40	static
