../Core/Src/modules/remoraComms/RemoraComms.cpp:4:1:RemoraComms::RemoraComms(volatile rxData_t*, volatile txData_t*, SPI_TypeDef*)	24	static
../Core/Src/modules/remoraComms/RemoraComms.cpp:17:6:void RemoraComms::init()	56	static
../Core/Src/modules/remoraComms/RemoraComms.cpp:115:6:void RemoraComms::start()	48	static,ignoring_inline_asm
../Core/Src/modules/remoraComms/RemoraComms.cpp:124:6:virtual void RemoraComms::handleInterrupt()	56	static,ignoring_inline_asm
../Core/Src/modules/remoraComms/RemoraComms.cpp:164:6:bool RemoraComms::getStatus()	16	static
../Core/Src/modules/remoraComms/RemoraComms.cpp:169:6:void RemoraComms::setStatus(bool)	16	static
../Core/Src/modules/remoraComms/RemoraComms.cpp:174:6:bool RemoraComms::getError()	16	static
../Core/Src/modules/remoraComms/RemoraComms.cpp:179:6:void RemoraComms::setError(bool)	16	static
../Core/Src/modules/remoraComms/RemoraComms.cpp:184:6:virtual void RemoraComms::update()	16	static
../Core/Src/modules/remoraComms/../remoraComms/RemoraComms.h:12:7:RemoraComms::~RemoraComms()	16	static
../Core/Src/modules/remoraComms/../remoraComms/RemoraComms.h:12:7:virtual RemoraComms::~RemoraComms()	16	static
