../Drivers/CMSIS/Include/core_cm7.h:2032:22:void __NVIC_SetPriority(IRQn_Type, uint32_t)	16	static
../Core/Src/lib/ArduinoJson6/ArduinoJson/Array/../Variant/../Misc/../Strings/../Memory/../Variant/../Variant/../Collection/CollectionData.hpp:45:16:ArduinoJson6101_110::VariantSlot* ArduinoJson6101_110::CollectionData::head() const	16	static
../Core/Src/lib/ArduinoJson6/ArduinoJson/Array/../Variant/../Misc/../Strings/../Memory/../Variant/VariantSlot.hpp:33:16:ArduinoJson6101_110::VariantData* ArduinoJson6101_110::VariantSlot::data()	16	static
../Core/Src/lib/ArduinoJson6/ArduinoJson/Array/../Variant/../Misc/../Strings/../Memory/../Variant/VariantSlot.hpp:41:16:ArduinoJson6101_110::VariantSlot* ArduinoJson6101_110::VariantSlot::next()	16	static
../Core/Src/lib/ArduinoJson6/ArduinoJson/Array/../Variant/../Misc/../Strings/../Memory/../Variant/VariantSlot.hpp:66:8:void ArduinoJson6101_110::VariantSlot::setNextNotNull(ArduinoJson6101_110::VariantSlot*)	16	static
../Core/Src/lib/ArduinoJson6/ArduinoJson/Array/../Variant/../Misc/../Strings/../Memory/../Variant/VariantSlot.hpp:71:8:void ArduinoJson6101_110::VariantSlot::setOwnedKey(ArduinoJson6101_110::not_null<const char*>)	16	static
../Core/Src/lib/ArduinoJson6/ArduinoJson/Array/../Variant/../Misc/../Strings/../Memory/../Variant/VariantSlot.hpp:81:15:const char* ArduinoJson6101_110::VariantSlot::key() const	16	static
../Core/Src/lib/ArduinoJson6/ArduinoJson/Array/../Variant/../Misc/../Strings/../Memory/../Variant/VariantSlot.hpp:89:8:void ArduinoJson6101_110::VariantSlot::clear()	16	static
../Core/Src/lib/ArduinoJson6/ArduinoJson/Array/../Variant/../Misc/../Strings/../Memory/Alignment.hpp:17:15:size_t ArduinoJson6101_110::addPadding(size_t)	24	static
../Core/Src/lib/ArduinoJson6/ArduinoJson/Array/../Variant/../Misc/../Strings/../Memory/MemoryPool.hpp:26:3:ArduinoJson6101_110::MemoryPool::MemoryPool(char*, size_t)	24	static
../Core/Src/lib/ArduinoJson6/ArduinoJson/Array/../Variant/../Misc/../Strings/../Memory/MemoryPool.hpp:36:9:void* ArduinoJson6101_110::MemoryPool::buffer()	16	static
../Core/Src/lib/ArduinoJson6/ArduinoJson/Array/../Variant/../Misc/../Strings/../Memory/MemoryPool.hpp:49:16:ArduinoJson6101_110::VariantSlot* ArduinoJson6101_110::MemoryPool::allocVariant()	16	static
../Core/Src/lib/ArduinoJson6/ArduinoJson/Array/../Variant/../Misc/../Strings/../Memory/MemoryPool.hpp:61:14:ArduinoJson6101_110::StringSlot ArduinoJson6101_110::MemoryPool::allocExpandableString()	16	static
../Core/Src/lib/ArduinoJson6/ArduinoJson/Array/../Variant/../Misc/../Strings/../Memory/MemoryPool.hpp:70:8:void ArduinoJson6101_110::MemoryPool::freezeString(ArduinoJson6101_110::StringSlot&, size_t)	24	static
../Core/Src/lib/ArduinoJson6/ArduinoJson/Array/../Variant/../Misc/../Strings/../Memory/MemoryPool.hpp:76:8:void ArduinoJson6101_110::MemoryPool::clear()	16	static
../Core/Src/lib/ArduinoJson6/ArduinoJson/Array/../Variant/../Misc/../Strings/../Memory/MemoryPool.hpp:81:8:bool ArduinoJson6101_110::MemoryPool::canAlloc(size_t) const	16	static
../Core/Src/lib/ArduinoJson6/ArduinoJson/Array/../Variant/../Misc/../Strings/../Memory/MemoryPool.hpp:94:9:void* ArduinoJson6101_110::MemoryPool::allocRight(size_t)	16	static
../Core/Src/lib/ArduinoJson6/ArduinoJson/Array/../Variant/../Misc/../Strings/../Memory/MemoryPool.hpp:110:8:void ArduinoJson6101_110::MemoryPool::checkInvariants()	16	static
../Core/Src/lib/ArduinoJson6/ArduinoJson/Array/../Variant/../Misc/../Strings/ConstRamStringAdapter.hpp:14:3:ArduinoJson6101_110::ConstRamStringAdapter::ConstRamStringAdapter(const char*)	16	static
../Core/Src/lib/ArduinoJson6/ArduinoJson/Array/../Variant/../Misc/../Strings/ConstRamStringAdapter.hpp:16:8:bool ArduinoJson6101_110::ConstRamStringAdapter::equals(const char*) const	24	static
../Core/Src/lib/ArduinoJson6/ArduinoJson/Array/../Variant/../Misc/../Strings/ConstRamStringAdapter.hpp:48:30:ArduinoJson6101_110::ConstRamStringAdapter ArduinoJson6101_110::adaptString(const char*)	24	static
../Core/Src/lib/ArduinoJson6/ArduinoJson/Array/../Variant/VariantData.hpp:69:19:ArduinoJson6101_110::CollectionData* ArduinoJson6101_110::VariantData::asArray()	16	static
../Core/Src/lib/ArduinoJson6/ArduinoJson/Array/../Variant/VariantData.hpp:77:19:ArduinoJson6101_110::CollectionData* ArduinoJson6101_110::VariantData::asObject()	16	static
../Core/Src/lib/ArduinoJson6/ArduinoJson/Array/../Variant/VariantData.hpp:137:8:bool ArduinoJson6101_110::VariantData::isArray() const	16	static
../Core/Src/lib/ArduinoJson6/ArduinoJson/Array/../Variant/VariantData.hpp:172:8:bool ArduinoJson6101_110::VariantData::isObject() const	16	static
../Core/Src/lib/ArduinoJson6/ArduinoJson/Array/../Variant/VariantData.hpp:189:8:void ArduinoJson6101_110::VariantData::setBoolean(bool)	24	static
../Core/Src/lib/ArduinoJson6/ArduinoJson/Array/../Variant/VariantData.hpp:194:8:void ArduinoJson6101_110::VariantData::setFloat(ArduinoJson6101_110::Float)	24	static
../Core/Src/lib/ArduinoJson6/ArduinoJson/Array/../Variant/VariantData.hpp:242:8:void ArduinoJson6101_110::VariantData::setPositiveInteger(ArduinoJson6101_110::UInt)	24	static
../Core/Src/lib/ArduinoJson6/ArduinoJson/Array/../Variant/VariantData.hpp:247:8:void ArduinoJson6101_110::VariantData::setNegativeInteger(ArduinoJson6101_110::UInt)	24	static
../Core/Src/lib/ArduinoJson6/ArduinoJson/Array/../Variant/VariantData.hpp:261:8:void ArduinoJson6101_110::VariantData::setNull()	16	static
../Core/Src/lib/ArduinoJson6/ArduinoJson/Array/../Variant/VariantData.hpp:265:8:void ArduinoJson6101_110::VariantData::setOwnedString(ArduinoJson6101_110::not_null<const char*>)	16	static
../Core/Src/lib/ArduinoJson6/ArduinoJson/Array/../Variant/VariantData.hpp:290:19:ArduinoJson6101_110::CollectionData& ArduinoJson6101_110::VariantData::toArray()	16	static
../Core/Src/lib/ArduinoJson6/ArduinoJson/Array/../Variant/VariantData.hpp:296:19:ArduinoJson6101_110::CollectionData& ArduinoJson6101_110::VariantData::toObject()	16	static
../Core/Src/lib/ArduinoJson6/ArduinoJson/Array/../Variant/VariantData.hpp:349:11:uint8_t ArduinoJson6101_110::VariantData::type() const	16	static
../Core/Src/lib/ArduinoJson6/ArduinoJson/Array/../Variant/VariantData.hpp:353:8:void ArduinoJson6101_110::VariantData::setType(uint8_t)	16	static
../Core/Src/lib/ArduinoJson6/ArduinoJson/Array/../Variant/SlotFunctions.hpp:36:21:ArduinoJson6101_110::VariantData* ArduinoJson6101_110::slotData(VariantSlot*)	16	static
../Core/Src/lib/ArduinoJson6/ArduinoJson/Array/../Variant/VariantFunctions.hpp:27:24:ArduinoJson6101_110::CollectionData* ArduinoJson6101_110::variantAsObject(VariantData*)	16	static
../Core/Src/lib/ArduinoJson6/ArduinoJson/Array/ArrayIterator.hpp:30:3:ArduinoJson6101_110::ArrayIterator::ArrayIterator()	16	static
../Core/Src/lib/ArduinoJson6/ArduinoJson/Array/ArrayIterator.hpp:31:12:ArduinoJson6101_110::ArrayIterator::ArrayIterator(ArduinoJson6101_110::MemoryPool*, ArduinoJson6101_110::VariantSlot*)	24	static
../Core/Src/lib/ArduinoJson6/ArduinoJson/Array/ArrayIterator.hpp:34:14:ArduinoJson6101_110::VariantRef ArduinoJson6101_110::ArrayIterator::operator*() const	32	static
../Core/Src/lib/ArduinoJson6/ArduinoJson/Array/ArrayIterator.hpp:45:8:bool ArduinoJson6101_110::ArrayIterator::operator!=(const ArduinoJson6101_110::ArrayIterator&) const	16	static
../Core/Src/lib/ArduinoJson6/ArduinoJson/Array/ArrayIterator.hpp:49:18:ArduinoJson6101_110::ArrayIterator& ArduinoJson6101_110::ArrayIterator::operator++()	16	static
../Core/Src/lib/ArduinoJson6/ArduinoJson/Document/JsonDocument.hpp:34:8:void ArduinoJson6101_110::JsonDocument::clear()	16	static
../Core/Src/lib/ArduinoJson6/ArduinoJson/Document/JsonDocument.hpp:81:15:ArduinoJson6101_110::MemoryPool& ArduinoJson6101_110::JsonDocument::memoryPool()	16	static
../Core/Src/lib/ArduinoJson6/ArduinoJson/Document/JsonDocument.hpp:85:16:ArduinoJson6101_110::VariantData& ArduinoJson6101_110::JsonDocument::data()	16	static
../Core/Src/lib/ArduinoJson6/ArduinoJson/Document/JsonDocument.hpp:282:3:ArduinoJson6101_110::JsonDocument::JsonDocument(ArduinoJson6101_110::MemoryPool)	24	static
../Core/Src/lib/ArduinoJson6/ArduinoJson/Document/DynamicJsonDocument.hpp:14:9:void* ArduinoJson6101_110::DefaultAllocator::allocate(size_t)	16	static
../Core/Src/lib/ArduinoJson6/ArduinoJson/Document/DynamicJsonDocument.hpp:18:8:void ArduinoJson6101_110::DefaultAllocator::deallocate(void*)	16	static
../Core/Src/lib/ArduinoJson6/ArduinoJson/Collection/CollectionImpl.hpp:12:21:ArduinoJson6101_110::VariantSlot* ArduinoJson6101_110::CollectionData::addSlot(ArduinoJson6101_110::MemoryPool*)	24	static
../Core/Src/lib/ArduinoJson6/ArduinoJson/Collection/CollectionImpl.hpp:28:21:ArduinoJson6101_110::VariantData* ArduinoJson6101_110::CollectionData::add(ArduinoJson6101_110::MemoryPool*)	16	static
../Core/Src/lib/ArduinoJson6/ArduinoJson/Collection/CollectionImpl.hpp:39:13:void ArduinoJson6101_110::CollectionData::clear()	16	static
../Core/Src/lib/ArduinoJson6/ArduinoJson/Variant/../Numbers/../Polyfills/ctype.hpp:9:13:bool ArduinoJson6101_110::isdigit(char)	16	static
../Core/Src/lib/ArduinoJson6/ArduinoJson/Variant/VariantImpl.hpp:70:20:const char* ArduinoJson6101_110::VariantData::asString() const	16	static
../Core/Src/lib/ArduinoJson6/ArduinoJson/Json/../Deserialization/../StringStorage/./../Memory/StringBuilder.hpp:13:12:ArduinoJson6101_110::StringBuilder::StringBuilder(ArduinoJson6101_110::MemoryPool*)	32	static
../Core/Src/lib/ArduinoJson6/ArduinoJson/Json/../Deserialization/../StringStorage/./../Memory/StringBuilder.hpp:25:8:void ArduinoJson6101_110::StringBuilder::append(char)	16	static
../Core/Src/lib/ArduinoJson6/ArduinoJson/Json/../Deserialization/../StringStorage/./../Memory/StringBuilder.hpp:36:9:char* ArduinoJson6101_110::StringBuilder::complete()	16	static
../Core/Src/lib/ArduinoJson6/ArduinoJson/Json/../Deserialization/../StringStorage/./StringCopier.hpp:16:3:ArduinoJson6101_110::StringCopier::StringCopier(ArduinoJson6101_110::MemoryPool*)	16	static
../Core/Src/lib/ArduinoJson6/ArduinoJson/Json/../Deserialization/../StringStorage/./StringCopier.hpp:18:17:ArduinoJson6101_110::StringCopier::StringBuilder ArduinoJson6101_110::StringCopier::startString()	16	static
../Core/Src/lib/ArduinoJson6/ArduinoJson/Json/../Deserialization/CharPointerReader.hpp:13:12:ArduinoJson6101_110::UnsafeCharPointerReader::UnsafeCharPointerReader(const char*)	16	static
../Core/Src/lib/ArduinoJson6/ArduinoJson/Json/../Deserialization/CharPointerReader.hpp:16:8:char ArduinoJson6101_110::UnsafeCharPointerReader::read()	16	static
../Core/Src/lib/ArduinoJson6/ArduinoJson/Json/../Deserialization/CharPointerReader.hpp:20:8:bool ArduinoJson6101_110::UnsafeCharPointerReader::ended() const	16	static
C:\ST\STM32CubeIDE_1.16.1\STM32CubeIDE\plugins\com.st.stm32cube.ide.mcu.externaltools.gnu-tools-for-stm32.12.3.rel1.win32_1.0.200.202406191623\tools\arm-none-eabi\include\c++\12.3.1\arm-none-eabi\thumb\v7e-m+dp\hard\bits\gthr-default.h:229:1:int __gthread_key_delete(__gthread_key_t)	16	static
../Core/Src/lib/ArduinoJson6/ArduinoJson/Json/../Deserialization/DeserializationError.hpp:16:8:void ArduinoJson6101_110::DeserializationError::safeBoolHelper() const	16	static
../Core/Src/lib/ArduinoJson6/ArduinoJson/Json/../Deserialization/DeserializationError.hpp:29:3:ArduinoJson6101_110::DeserializationError::DeserializationError(Code)	16	static
../Core/Src/lib/ArduinoJson6/ArduinoJson/Json/../Deserialization/DeserializationError.hpp:56:3:ArduinoJson6101_110::DeserializationError::operator bool_type() const	16	static
../Core/Src/lib/ArduinoJson6/ArduinoJson/Json/../Deserialization/DeserializationError.hpp:73:8:ArduinoJson6101_110::DeserializationError::Code ArduinoJson6101_110::DeserializationError::code() const	16	static
../Core/Src/lib/ArduinoJson6/ArduinoJson/Json/../Deserialization/DeserializationError.hpp:77:15:const char* ArduinoJson6101_110::DeserializationError::c_str() const	16	static
../Core/Src/lib/ArduinoJson6/ArduinoJson/Json/../Deserialization/NestingLimit.hpp:12:3:ArduinoJson6101_110::NestingLimit::NestingLimit()	16	static
../Core/Src/lib/ArduinoJson6/ArduinoJson/Json/EscapeSequence.hpp:21:15:static char ArduinoJson6101_110::EscapeSequence::unescapeChar(char)	24	static
../Core/Src/lib/ArduinoJson6/ArduinoJson/Json/EscapeSequence.hpp:31:22:static const char* ArduinoJson6101_110::EscapeSequence::escapeTable(bool)	16	static
../Core/Src/interrupt/irqHandlers.h:5:7:void EXTI4_IRQHandler()	8	static
../Core/Src/interrupt/irqHandlers.h:16:7:void TIM2_IRQHandler()	8	static
../Core/Src/interrupt/irqHandlers.h:27:7:void TIM3_IRQHandler()	8	static
../Core/Src/interrupt/irqHandlers.h:37:7:void TIM4_IRQHandler()	8	static
../Core/Src/thread/createThreads.h:4:6:void createThreads()	16	static
../Core/Src/main.cpp:134:6:int __io_putchar(int)	16	static
../Core/Src/main.cpp:143:6:void readJsonConfig()	104	dynamic
../Core/Src/main.cpp:193:6:void setup()	8	static
../Core/Src/main.cpp:203:6:void deserialiseJSON()	24	static
../Core/Src/main.cpp:236:6:void configThreads()	256	static
../Core/Src/main.cpp:266:5:int main()	48	static,ignoring_inline_asm
../Core/Src/main.cpp:450:6:void SystemClock_Config()	128	static
../Core/Src/main.cpp:517:6:void PeriphCommonClock_Config()	200	static
../Core/Src/main.cpp:546:13:void MX_SDMMC1_SD_Init()	8	static
../Core/Src/main.cpp:576:13:void MX_USART1_UART_Init()	8	static
../Core/Src/main.cpp:624:13:void MX_GPIO_Init()	48	static
../Core/Src/main.cpp:646:6:void MPU_Config()	24	static
../Core/Src/main.cpp:678:6:void Error_Handler()	8	static,ignoring_inline_asm
../Core/Src/lib/ArduinoJson6/ArduinoJson/Array/../Variant/../Misc/../Strings/../Memory/../Variant/../Polyfills/gsl/not_null.hpp:18:5:T ArduinoJson6101_110::not_null<T>::get() const [with T = const char*]	16	static
../Core/Src/lib/ArduinoJson6/ArduinoJson/Array/../Variant/../Misc/../Strings/../Memory/MemoryPool.hpp:90:6:T* ArduinoJson6101_110::MemoryPool::allocRight() [with T = ArduinoJson6101_110::VariantSlot]	16	static
../Core/Src/lib/ArduinoJson6/ArduinoJson/Array/../Variant/../Misc/../Strings/../Memory/../Variant/../Polyfills/gsl/not_null.hpp:28:13:ArduinoJson6101_110::not_null<T> ArduinoJson6101_110::make_not_null(T) [with T = const char*]	24	static
../Core/Src/lib/ArduinoJson6/ArduinoJson/Array/../Variant/VariantRef.hpp:116:3:ArduinoJson6101_110::VariantRefBase<TData>::VariantRefBase(TData*) [with TData = ArduinoJson6101_110::VariantData]	16	static
../Core/Src/lib/ArduinoJson6/ArduinoJson/Array/ArrayRef.hpp:52:3:ArduinoJson6101_110::ArrayRefBase<TData>::ArrayRefBase(TData*) [with TData = ArduinoJson6101_110::CollectionData]	16	static
../Core/Src/lib/ArduinoJson6/ArduinoJson/Object/ObjectRef.hpp:47:3:ArduinoJson6101_110::ObjectRefBase<TData>::ObjectRefBase(TData*) [with TData = ArduinoJson6101_110::CollectionData]	16	static
../Core/Src/lib/ArduinoJson6/ArduinoJson/Collection/CollectionImpl.hpp:116:21:ArduinoJson6101_110::VariantData* ArduinoJson6101_110::CollectionData::get(TAdaptedString) const [with TAdaptedString = ArduinoJson6101_110::ConstRamStringAdapter]	24	static
../Core/Src/lib/ArduinoJson6/ArduinoJson/Document/BasicJsonDocument.hpp:33:12:ArduinoJson6101_110::BasicJsonDocument<TAllocator>::BasicJsonDocument(size_t, TAllocator) [with TAllocator = ArduinoJson6101_110::DefaultAllocator]	56	static
C:\ST\STM32CubeIDE_1.16.1\STM32CubeIDE\plugins\com.st.stm32cube.ide.mcu.externaltools.gnu-tools-for-stm32.12.3.rel1.win32_1.0.200.202406191623\tools\arm-none-eabi\include\c++\12.3.1\bits\basic_string.h:3497:5:std::__cxx11::basic_string<_CharT, _Traits, _Alloc> std::operator+(const __cxx11::basic_string<_CharT, _Traits, _Alloc>&, _CharT) [with _CharT = char; _Traits = char_traits<char>; _Alloc = allocator<char>]	24	static
../Core/Src/lib/ArduinoJson6/ArduinoJson/Json/JsonDeserializer.hpp:396:22:ArduinoJson6101_110::DeserializationError ArduinoJson6101_110::deserializeJson(JsonDocument&, TInput*, NestingLimit) [with TInput = const char]	24	static
../Core/Src/lib/ArduinoJson6/ArduinoJson/Array/../Variant/../Misc/../Strings/../Memory/../Variant/../Polyfills/gsl/not_null.hpp:14:12:ArduinoJson6101_110::not_null<T>::not_null(T) [with T = const char*]	16	static
../Core/Src/lib/ArduinoJson6/ArduinoJson/Collection/CollectionImpl.hpp:92:21:ArduinoJson6101_110::VariantSlot* ArduinoJson6101_110::CollectionData::getSlot(TAdaptedString) const [with TAdaptedString = ArduinoJson6101_110::ConstRamStringAdapter]	24	static
../Core/Src/lib/ArduinoJson6/ArduinoJson/Document/BasicJsonDocument.hpp:73:14:ArduinoJson6101_110::MemoryPool ArduinoJson6101_110::BasicJsonDocument<TAllocator>::allocPool(size_t) [with TAllocator = ArduinoJson6101_110::DefaultAllocator]	32	static
../Core/Src/lib/ArduinoJson6/ArduinoJson/Document/BasicJsonDocument.hpp:16:3:ArduinoJson6101_110::AllocatorOwner<TAllocator>::AllocatorOwner(TAllocator) [with TAllocator = ArduinoJson6101_110::DefaultAllocator]	16	static
../Core/Src/lib/ArduinoJson6/ArduinoJson/Json/../Deserialization/deserialize.hpp:43:22:ArduinoJson6101_110::DeserializationError ArduinoJson6101_110::deserialize(JsonDocument&, TChar*, NestingLimit) [with TDeserializer = JsonDeserializer; TChar = const char]	56	static
../Core/Src/lib/ArduinoJson6/ArduinoJson/Array/../Variant/../Operators/VariantCasts.hpp:20:16:const TImpl* ArduinoJson6101_110::VariantCasts<TImpl>::impl() const [with TImpl = ArduinoJson6101_110::MemberProxy<ArduinoJson6101_110::JsonDocument&, const char*>]	16	static
../Core/Src/lib/ArduinoJson6/ArduinoJson/Array/../Variant/../Operators/VariantCasts.hpp:20:16:const TImpl* ArduinoJson6101_110::VariantCasts<TImpl>::impl() const [with TImpl = ArduinoJson6101_110::VariantRef]	16	static
../Core/Src/lib/ArduinoJson6/ArduinoJson/Array/../Variant/../Operators/../Object/ObjectShortcuts.hpp:70:18:const TObject* ArduinoJson6101_110::ObjectShortcuts<TObject>::impl() const [with TObject = ArduinoJson6101_110::ObjectRef]	16	static
../Core/Src/lib/ArduinoJson6/ArduinoJson/Array/../Variant/../Operators/VariantCasts.hpp:20:16:const TImpl* ArduinoJson6101_110::VariantCasts<TImpl>::impl() const [with TImpl = ArduinoJson6101_110::MemberProxy<const ArduinoJson6101_110::ObjectRef&, const char*>]	16	static
../Core/Src/lib/ArduinoJson6/ArduinoJson/Document/BasicJsonDocument.hpp:18:9:void* ArduinoJson6101_110::AllocatorOwner<TAllocator>::allocate(size_t) [with TAllocator = ArduinoJson6101_110::DefaultAllocator]	16	static
../Core/Src/lib/ArduinoJson6/ArduinoJson/Json/../Deserialization/CharPointerReader.hpp:44:32:ArduinoJson6101_110::UnsafeCharPointerReader ArduinoJson6101_110::makeReader(TChar*) [with TChar = const char]	24	static
../Core/Src/lib/ArduinoJson6/ArduinoJson/Json/../Deserialization/../StringStorage/StringStorage.hpp:38:38:typename ArduinoJson6101_110::StringStorage<TChar*>::type ArduinoJson6101_110::makeStringStorage(MemoryPool&, TChar*) [with TChar = const char]	16	static
../Core/Src/lib/ArduinoJson6/ArduinoJson/Json/../Deserialization/deserialize.hpp:20:33:TDeserializer<TReader, TWriter> ArduinoJson6101_110::makeDeserializer(MemoryPool&, TReader, TWriter, uint8_t) [with TDeserializer = JsonDeserializer; TReader = UnsafeCharPointerReader; TWriter = StringCopier]	32	static
../Core/Src/lib/ArduinoJson6/ArduinoJson/Json/JsonDeserializer.hpp:30:24:ArduinoJson6101_110::DeserializationError ArduinoJson6101_110::JsonDeserializer<TReader, TStringStorage>::parse(ArduinoJson6101_110::VariantData&) [with TReader = ArduinoJson6101_110::UnsafeCharPointerReader; TStringStorage = ArduinoJson6101_110::StringCopier]	32	static
../Core/Src/lib/ArduinoJson6/ArduinoJson/Json/../Deserialization/../StringStorage/StringStorage.hpp:16:15:static ArduinoJson6101_110::StringStorage<TInput, Enable>::type ArduinoJson6101_110::StringStorage<TInput, Enable>::create(ArduinoJson6101_110::MemoryPool&, TInput&) [with TInput = const char*; Enable = void]	24	static
../Core/Src/lib/ArduinoJson6/ArduinoJson/Json/JsonDeserializer.hpp:23:3:ArduinoJson6101_110::JsonDeserializer<TReader, TStringStorage>::JsonDeserializer(ArduinoJson6101_110::MemoryPool&, TReader, TStringStorage, uint8_t) [with TReader = ArduinoJson6101_110::UnsafeCharPointerReader; TStringStorage = ArduinoJson6101_110::StringCopier]	24	static
../Core/Src/lib/ArduinoJson6/ArduinoJson/Json/JsonDeserializer.hpp:321:24:ArduinoJson6101_110::DeserializationError ArduinoJson6101_110::JsonDeserializer<TReader, TStringStorage>::skipSpacesAndComments() [with TReader = ArduinoJson6101_110::UnsafeCharPointerReader; TStringStorage = ArduinoJson6101_110::StringCopier]	40	static
../Core/Src/lib/ArduinoJson6/ArduinoJson/Json/JsonDeserializer.hpp:49:8:char ArduinoJson6101_110::JsonDeserializer<TReader, TStringStorage>::current() [with TReader = ArduinoJson6101_110::UnsafeCharPointerReader; TStringStorage = ArduinoJson6101_110::StringCopier]	16	static
../Core/Src/lib/ArduinoJson6/ArduinoJson/Json/JsonDeserializer.hpp:70:24:ArduinoJson6101_110::DeserializationError ArduinoJson6101_110::JsonDeserializer<TReader, TStringStorage>::parseArray(ArduinoJson6101_110::CollectionData&) [with TReader = ArduinoJson6101_110::UnsafeCharPointerReader; TStringStorage = ArduinoJson6101_110::StringCopier]	104	static
../Core/Src/lib/ArduinoJson6/ArduinoJson/Json/JsonDeserializer.hpp:105:24:ArduinoJson6101_110::DeserializationError ArduinoJson6101_110::JsonDeserializer<TReader, TStringStorage>::parseObject(ArduinoJson6101_110::CollectionData&) [with TReader = ArduinoJson6101_110::UnsafeCharPointerReader; TStringStorage = ArduinoJson6101_110::StringCopier]	152	static
../Core/Src/lib/ArduinoJson6/ArduinoJson/Json/JsonDeserializer.hpp:155:24:ArduinoJson6101_110::DeserializationError ArduinoJson6101_110::JsonDeserializer<TReader, TStringStorage>::parseValue(ArduinoJson6101_110::VariantData&) [with TReader = ArduinoJson6101_110::UnsafeCharPointerReader; TStringStorage = ArduinoJson6101_110::StringCopier]	16	static
../Core/Src/lib/ArduinoJson6/ArduinoJson/Array/../Variant/../Operators/../Variant/VariantAs.hpp:76:1:typename ArduinoJson6101_110::enable_if<(ArduinoJson6101_110::is_same<T, const char*>::value || ArduinoJson6101_110::is_same<T, char*>::value), const char*>::type ArduinoJson6101_110::variantAs(const VariantData*) [with T = const char*]	16	static
../Core/Src/lib/ArduinoJson6/ArduinoJson/Array/../Variant/../Operators/../Variant/VariantAs.hpp:55:59:typename ArduinoJson6101_110::enable_if<ArduinoJson6101_110::is_integral<T>::value, T>::type ArduinoJson6101_110::variantAs(const VariantData*) [with T = long unsigned int]	16	static
../Core/Src/lib/ArduinoJson6/ArduinoJson/Json/JsonDeserializer.hpp:60:8:void ArduinoJson6101_110::JsonDeserializer<TReader, TStringStorage>::move() [with TReader = ArduinoJson6101_110::UnsafeCharPointerReader; TStringStorage = ArduinoJson6101_110::StringCopier]	16	static
../Core/Src/lib/ArduinoJson6/ArduinoJson/Json/JsonDeserializer.hpp:163:24:ArduinoJson6101_110::DeserializationError ArduinoJson6101_110::JsonDeserializer<TReader, TStringStorage>::parseKey(const char*&) [with TReader = ArduinoJson6101_110::UnsafeCharPointerReader; TStringStorage = ArduinoJson6101_110::StringCopier]	16	static
../Core/Src/lib/ArduinoJson6/ArduinoJson/Json/JsonDeserializer.hpp:311:22:static bool ArduinoJson6101_110::JsonDeserializer<TReader, TStringStorage>::isQuote(char) [with TReader = ArduinoJson6101_110::UnsafeCharPointerReader; TStringStorage = ArduinoJson6101_110::StringCopier]	16	static
../Core/Src/lib/ArduinoJson6/ArduinoJson/Json/JsonDeserializer.hpp:171:24:ArduinoJson6101_110::DeserializationError ArduinoJson6101_110::JsonDeserializer<TReader, TStringStorage>::parseStringValue(ArduinoJson6101_110::VariantData&) [with TReader = ArduinoJson6101_110::UnsafeCharPointerReader; TStringStorage = ArduinoJson6101_110::StringCopier]	40	static
../Core/Src/lib/ArduinoJson6/ArduinoJson/Json/JsonDeserializer.hpp:241:24:ArduinoJson6101_110::DeserializationError ArduinoJson6101_110::JsonDeserializer<TReader, TStringStorage>::parseNumericValue(ArduinoJson6101_110::VariantData&) [with TReader = ArduinoJson6101_110::UnsafeCharPointerReader; TStringStorage = ArduinoJson6101_110::StringCopier]	136	static
../Core/Src/lib/ArduinoJson6/ArduinoJson/Array/../Variant/VariantData.hpp:335:16:ArduinoJson6101_110::VariantData* ArduinoJson6101_110::VariantData::getMember(TAdaptedString) const [with TAdaptedString = ArduinoJson6101_110::ConstRamStringAdapter]	16	static
../Core/Src/lib/ArduinoJson6/ArduinoJson/Variant/VariantImpl.hpp:18:10:T ArduinoJson6101_110::VariantData::asIntegral() const [with T = long unsigned int]	16	static
../Core/Src/lib/ArduinoJson6/ArduinoJson/Json/JsonDeserializer.hpp:179:24:ArduinoJson6101_110::DeserializationError ArduinoJson6101_110::JsonDeserializer<TReader, TStringStorage>::parseQuotedString(const char*&) [with TReader = ArduinoJson6101_110::UnsafeCharPointerReader; TStringStorage = ArduinoJson6101_110::StringCopier]	56	static
../Core/Src/lib/ArduinoJson6/ArduinoJson/Json/JsonDeserializer.hpp:220:24:ArduinoJson6101_110::DeserializationError ArduinoJson6101_110::JsonDeserializer<TReader, TStringStorage>::parseNonQuotedString(const char*&) [with TReader = ArduinoJson6101_110::UnsafeCharPointerReader; TStringStorage = ArduinoJson6101_110::StringCopier]	48	static
../Core/Src/lib/ArduinoJson6/ArduinoJson/Json/JsonDeserializer.hpp:306:22:static bool ArduinoJson6101_110::JsonDeserializer<TReader, TStringStorage>::canBeInNonQuotedString(char) [with TReader = ArduinoJson6101_110::UnsafeCharPointerReader; TStringStorage = ArduinoJson6101_110::StringCopier]	16	static
../Core/Src/lib/ArduinoJson6/ArduinoJson/Variant/../Numbers/parseNumber.hpp:55:36:ArduinoJson6101_110::ParsedNumber<TFloat, TUInt> ArduinoJson6101_110::parseNumber(const char*) [with TFloat = double; TUInt = long long unsigned int]	168	static
../Core/Src/lib/ArduinoJson6/ArduinoJson/Variant/../Numbers/parseNumber.hpp:42:11:uint8_t ArduinoJson6101_110::ParsedNumber<TFloat, TUInt>::type() const [with TFloat = double; TUInt = long long unsigned int]	16	static
../Core/Src/lib/ArduinoJson6/ArduinoJson/Object/ObjectFunctions.hpp:26:21:ArduinoJson6101_110::VariantData* ArduinoJson6101_110::objectGet(const CollectionData*, TAdaptedString) [with TAdaptedString = ConstRamStringAdapter]	16	static
../Core/Src/lib/ArduinoJson6/ArduinoJson/Array/../Variant/../Numbers/convertNumber.hpp:74:6:TOut ArduinoJson6101_110::convertPositiveInteger(TIn) [with TOut = long unsigned int; TIn = long long unsigned int]	16	static
../Core/Src/lib/ArduinoJson6/ArduinoJson/Array/../Variant/../Numbers/convertNumber.hpp:79:6:TOut ArduinoJson6101_110::convertNegativeInteger(TIn) [with TOut = long unsigned int; TIn = long long unsigned int]	16	static
../Core/Src/lib/ArduinoJson6/ArduinoJson/Variant/../Numbers/parseInteger.hpp:13:3:T ArduinoJson6101_110::parseInteger(const char*) [with T = long unsigned int]	40	static
../Core/Src/lib/ArduinoJson6/ArduinoJson/Array/../Variant/../Numbers/convertNumber.hpp:90:65:typename ArduinoJson6101_110::enable_if<(! ArduinoJson6101_110::is_floating_point< <template-parameter-1-1> >::value), TOut>::type ArduinoJson6101_110::convertFloat(TIn) [with TOut = long unsigned int; TIn = double]	16	static
../Core/Src/lib/ArduinoJson6/ArduinoJson/Json/JsonDeserializer.hpp:302:22:static bool ArduinoJson6101_110::JsonDeserializer<TReader, TStringStorage>::isBetween(char, char, char) [with TReader = ArduinoJson6101_110::UnsafeCharPointerReader; TStringStorage = ArduinoJson6101_110::StringCopier]	16	static
../Core/Src/lib/ArduinoJson6/ArduinoJson/Array/../Variant/../Numbers/FloatTraits.hpp:90:12:static T ArduinoJson6101_110::FloatTraits<T, 8>::nan() [with T = double]	8	static
../Core/Src/lib/ArduinoJson6/ArduinoJson/Variant/../Numbers/parseNumber.hpp:26:3:ArduinoJson6101_110::ParsedNumber<TFloat, TUInt>::ParsedNumber(TFloat) [with TFloat = double; TUInt = long long unsigned int]	24	static
../Core/Src/lib/ArduinoJson6/ArduinoJson/Array/../Variant/../Numbers/FloatTraits.hpp:94:12:static T ArduinoJson6101_110::FloatTraits<T, 8>::inf() [with T = double]	8	static
../Core/Src/lib/ArduinoJson6/ArduinoJson/Variant/../Numbers/parseNumber.hpp:19:3:ArduinoJson6101_110::ParsedNumber<TFloat, TUInt>::ParsedNumber() [with TFloat = double; TUInt = long long unsigned int]	16	static
../Core/Src/lib/ArduinoJson6/ArduinoJson/Variant/../Numbers/parseNumber.hpp:21:3:ArduinoJson6101_110::ParsedNumber<TFloat, TUInt>::ParsedNumber(TUInt, bool) [with TFloat = double; TUInt = long long unsigned int]	24	static
../Core/Src/lib/ArduinoJson6/ArduinoJson/Array/../Variant/../Numbers/FloatTraits.hpp:29:12:static T ArduinoJson6101_110::FloatTraits<T, 8>::make_float(T, TExponent) [with TExponent = int; T = double]	32	static
../Core/Src/lib/ArduinoJson6/ArduinoJson/Array/../Variant/../Numbers/convertNumber.hpp:27:1:typename ArduinoJson6101_110::enable_if<(ArduinoJson6101_110::is_integral<T>::value && (sizeof (TOut) <= sizeof (TIn))), bool>::type ArduinoJson6101_110::canStorePositiveInteger(TIn) [with TOut = long unsigned int; TIn = long long unsigned int]	24	static
../Core/Src/lib/ArduinoJson6/ArduinoJson/Array/../Variant/../Numbers/convertNumber.hpp:69:1:typename ArduinoJson6101_110::enable_if<(ArduinoJson6101_110::is_integral<T>::value && ArduinoJson6101_110::is_unsigned< <template-parameter-1-1> >::value), bool>::type ArduinoJson6101_110::canStoreNegativeInteger(TIn) [with TOut = long unsigned int; TIn = long long unsigned int]	16	static
../Core/Src/lib/ArduinoJson6/ArduinoJson/Variant/../Numbers/parseNumber.hpp:29:5:T ArduinoJson6101_110::ParsedNumber<TFloat, TUInt>::as() const [with T = long unsigned int; TFloat = double; TUInt = long long unsigned int]	16	static
../Core/Src/lib/ArduinoJson6/ArduinoJson/Array/../Variant/../Numbers/../Polyfills/limits.hpp:22:12:static T ArduinoJson6101_110::numeric_limits<T, typename ArduinoJson6101_110::enable_if<ArduinoJson6101_110::is_unsigned< <template-parameter-1-1> >::value>::type>::lowest() [with T = long unsigned int]	4	static
../Core/Src/lib/ArduinoJson6/ArduinoJson/Array/../Variant/../Numbers/../Polyfills/limits.hpp:25:12:static T ArduinoJson6101_110::numeric_limits<T, typename ArduinoJson6101_110::enable_if<ArduinoJson6101_110::is_unsigned< <template-parameter-1-1> >::value>::type>::highest() [with T = long unsigned int]	4	static
../Core/Src/lib/ArduinoJson6/ArduinoJson/Array/../Variant/../Numbers/FloatTraits.hpp:109:12:static T ArduinoJson6101_110::FloatTraits<T, 8>::forge(uint32_t, uint32_t) [with T = double]	40	static
../Core/Src/lib/ArduinoJson6/ArduinoJson/Array/../Variant/../Numbers/FloatTraits.hpp:45:12:static T ArduinoJson6101_110::FloatTraits<T, 8>::positiveBinaryPowerOfTen(int) [with T = double]	16	static
../Core/Src/lib/ArduinoJson6/ArduinoJson/Array/../Variant/../Numbers/FloatTraits.hpp:60:12:static T ArduinoJson6101_110::FloatTraits<T, 8>::negativeBinaryPowerOfTen(int) [with T = double]	16	static
../Core/Src/lib/ArduinoJson6/ArduinoJson/Array/../Variant/../Numbers/../Polyfills/alias_cast.hpp:23:3:T ArduinoJson6101_110::alias_cast(F) [with T = double; F = long long unsigned int]	24	static
../Core/Src/main.cpp:690:1:void __static_initialization_and_destruction_0(int, int)	24	static
../Core/Src/lib/ArduinoJson6/ArduinoJson/Document/BasicJsonDocument.hpp:55:3:ArduinoJson6101_110::BasicJsonDocument<TAllocator>::~BasicJsonDocument() [with TAllocator = ArduinoJson6101_110::DefaultAllocator]	16	static
../Core/Src/lib/ArduinoJson6/ArduinoJson/Document/BasicJsonDocument.hpp:84:8:void ArduinoJson6101_110::BasicJsonDocument<TAllocator>::freePool() [with TAllocator = ArduinoJson6101_110::DefaultAllocator]	24	static
../Core/Src/lib/ArduinoJson6/ArduinoJson/Document/BasicJsonDocument.hpp:22:8:void ArduinoJson6101_110::AllocatorOwner<TAllocator>::deallocate(void*) [with TAllocator = ArduinoJson6101_110::DefaultAllocator]	16	static
../Core/Src/main.cpp:690:1:cpp)	8	static
../Core/Src/main.cpp:690:1:cpp)	8	static
