../Core/Src/remora/drivers/TMCStepper/TMC5130Stepper.cpp:4:1:TMC5130Stepper::TMC5130Stepper(const std::string&, float, const std::string&, const std::string&, const std::string&, int8_t)	40	static
../Core/Src/remora/drivers/TMCStepper/TMC5130Stepper.cpp:8:1:TMC5130Stepper::TMC5130Stepper(const std::string&, const std::string&, const std::string&, const std::string&, int8_t)	32	static
../Core/Src/remora/drivers/TMCStepper/TMC5130Stepper.cpp:12:6:void TMC5130Stepper::begin()	16	static
../Core/Src/remora/drivers/TMCStepper/TMC5130Stepper.cpp:20:6:void TMC5130Stepper::defaults()	16	static
../Core/Src/remora/drivers/TMCStepper/TMC5130Stepper.cpp:37:6:void TMC5130Stepper::push()	16	static
../Core/Src/remora/drivers/TMCStepper/TMC5130Stepper.cpp:73:9:uint8_t TMC5130Stepper::IFCNT()	16	static
../Core/Src/remora/drivers/TMCStepper/TMC5130Stepper.cpp:76:10:uint16_t TMC5130Stepper::SLAVECONF()	16	static
../Core/Src/remora/drivers/TMCStepper/TMC5130Stepper.cpp:77:6:void TMC5130Stepper::SLAVECONF(uint16_t)	16	static
../Core/Src/remora/drivers/TMCStepper/TMC5130Stepper.cpp:83:11:uint32_t TMC5130Stepper::IOIN()	16	static
../Core/Src/remora/drivers/TMCStepper/TMC5130Stepper.cpp:86:9:bool TMC5130Stepper::refl_step()	24	static
../Core/Src/remora/drivers/TMCStepper/TMC5130Stepper.cpp:87:9:bool TMC5130Stepper::refr_dir()	24	static
../Core/Src/remora/drivers/TMCStepper/TMC5130Stepper.cpp:88:9:bool TMC5130Stepper::encb_dcen_cfg4()	24	static
../Core/Src/remora/drivers/TMCStepper/TMC5130Stepper.cpp:89:9:bool TMC5130Stepper::enca_dcin_cfg5()	24	static
../Core/Src/remora/drivers/TMCStepper/TMC5130Stepper.cpp:90:9:bool TMC5130Stepper::drv_enn_cfg6()	24	static
../Core/Src/remora/drivers/TMCStepper/TMC5130Stepper.cpp:91:9:bool TMC5130Stepper::enc_n_dco()	24	static
../Core/Src/remora/drivers/TMCStepper/TMC5130Stepper.cpp:92:9:bool TMC5130Stepper::sd_mode()	24	static
../Core/Src/remora/drivers/TMCStepper/TMC5130Stepper.cpp:93:9:bool TMC5130Stepper::swcomp_in()	24	static
../Core/Src/remora/drivers/TMCStepper/TMC5130Stepper.cpp:94:11:uint8_t TMC5130Stepper::version()	24	static
../Core/Src/remora/drivers/TMCStepper/TMC5130Stepper.cpp:97:6:bool TMC5130Stepper::TMC_OUTPUT()	16	static
../Core/Src/remora/drivers/TMCStepper/TMC5130Stepper.cpp:98:6:void TMC5130Stepper::TMC_OUTPUT(bool)	16	static
../Core/Src/remora/drivers/TMCStepper/TMC5130Stepper.cpp:104:10:uint32_t TMC5130Stepper::X_COMPARE()	16	static
../Core/Src/remora/drivers/TMCStepper/TMC5130Stepper.cpp:105:6:void TMC5130Stepper::X_COMPARE(uint32_t)	16	static
../Core/Src/remora/drivers/TMCStepper/TMC5130Stepper.cpp:111:9:uint8_t TMC5130Stepper::RAMPMODE()	16	static
../Core/Src/remora/drivers/TMCStepper/TMC5130Stepper.cpp:112:6:void TMC5130Stepper::RAMPMODE(uint8_t)	16	static
../Core/Src/remora/drivers/TMCStepper/TMC5130Stepper.cpp:118:9:int32_t TMC5130Stepper::XACTUAL()	16	static
../Core/Src/remora/drivers/TMCStepper/TMC5130Stepper.cpp:119:6:void TMC5130Stepper::XACTUAL(int32_t)	16	static
../Core/Src/remora/drivers/TMCStepper/TMC5130Stepper.cpp:124:9:int32_t TMC5130Stepper::VACTUAL()	24	static
../Core/Src/remora/drivers/TMCStepper/TMC5130Stepper.cpp:133:10:uint32_t TMC5130Stepper::VSTART()	16	static
../Core/Src/remora/drivers/TMCStepper/TMC5130Stepper.cpp:134:6:void TMC5130Stepper::VSTART(uint32_t)	16	static
../Core/Src/remora/drivers/TMCStepper/TMC5130Stepper.cpp:140:10:uint16_t TMC5130Stepper::A1()	16	static
../Core/Src/remora/drivers/TMCStepper/TMC5130Stepper.cpp:141:6:void TMC5130Stepper::A1(uint16_t)	16	static
../Core/Src/remora/drivers/TMCStepper/TMC5130Stepper.cpp:147:10:uint32_t TMC5130Stepper::V1()	16	static
../Core/Src/remora/drivers/TMCStepper/TMC5130Stepper.cpp:148:6:void TMC5130Stepper::V1(uint32_t)	16	static
../Core/Src/remora/drivers/TMCStepper/TMC5130Stepper.cpp:154:10:uint16_t TMC5130Stepper::AMAX()	16	static
../Core/Src/remora/drivers/TMCStepper/TMC5130Stepper.cpp:155:6:void TMC5130Stepper::AMAX(uint16_t)	16	static
../Core/Src/remora/drivers/TMCStepper/TMC5130Stepper.cpp:161:10:uint32_t TMC5130Stepper::VMAX()	16	static
../Core/Src/remora/drivers/TMCStepper/TMC5130Stepper.cpp:162:6:void TMC5130Stepper::VMAX(uint32_t)	24	static
../Core/Src/remora/drivers/TMCStepper/TMC5130Stepper.cpp:168:10:uint16_t TMC5130Stepper::DMAX()	16	static
../Core/Src/remora/drivers/TMCStepper/TMC5130Stepper.cpp:169:6:void TMC5130Stepper::DMAX(uint16_t)	16	static
../Core/Src/remora/drivers/TMCStepper/TMC5130Stepper.cpp:175:10:uint16_t TMC5130Stepper::D1()	16	static
../Core/Src/remora/drivers/TMCStepper/TMC5130Stepper.cpp:176:6:void TMC5130Stepper::D1(uint16_t)	16	static
../Core/Src/remora/drivers/TMCStepper/TMC5130Stepper.cpp:182:10:uint32_t TMC5130Stepper::VSTOP()	16	static
../Core/Src/remora/drivers/TMCStepper/TMC5130Stepper.cpp:183:6:void TMC5130Stepper::VSTOP(uint32_t)	16	static
../Core/Src/remora/drivers/TMCStepper/TMC5130Stepper.cpp:190:10:uint16_t TMC5130Stepper::TZEROWAIT()	16	static
../Core/Src/remora/drivers/TMCStepper/TMC5130Stepper.cpp:191:6:void TMC5130Stepper::TZEROWAIT(uint16_t)	16	static
../Core/Src/remora/drivers/TMCStepper/TMC5130Stepper.cpp:197:9:int32_t TMC5130Stepper::XTARGET()	16	static
../Core/Src/remora/drivers/TMCStepper/TMC5130Stepper.cpp:198:6:void TMC5130Stepper::XTARGET(int32_t)	16	static
../Core/Src/remora/drivers/TMCStepper/TMC5130Stepper.cpp:203:10:uint32_t TMC5130Stepper::XLATCH()	16	static
../Core/Src/remora/drivers/TMCStepper/TMC5130Stepper.cpp:206:9:int32_t TMC5130Stepper::X_ENC()	16	static
../Core/Src/remora/drivers/TMCStepper/TMC5130Stepper.cpp:207:6:void TMC5130Stepper::X_ENC(int32_t)	16	static
../Core/Src/remora/drivers/TMCStepper/TMC5130Stepper.cpp:212:10:uint32_t TMC5130Stepper::ENC_CONST()	16	static
../Core/Src/remora/drivers/TMCStepper/TMC5130Stepper.cpp:213:6:void TMC5130Stepper::ENC_CONST(uint32_t)	16	static
../Core/Src/remora/drivers/TMCStepper/TMC5130Stepper.cpp:219:6:bool TMC5130Stepper::ENC_STATUS()	16	static
../Core/Src/remora/drivers/TMCStepper/TMC5130Stepper.cpp:222:10:uint32_t TMC5130Stepper::ENC_LATCH()	16	static
