../Core/Src/drivers/TMCStepper/CHOPCONF.cpp:8:10:uint32_t TMC2130Stepper::CHOPCONF()	16	static
../Core/Src/drivers/TMCStepper/CHOPCONF.cpp:11:6:void TMC2130Stepper::CHOPCONF(uint32_t)	16	static
../Core/Src/drivers/TMCStepper/CHOPCONF.cpp:16:6:void TMC2130Stepper::toff(uint8_t)	16	static
../Core/Src/drivers/TMCStepper/CHOPCONF.cpp:17:6:virtual void TMC2130Stepper::hstrt(uint8_t)	16	static
../Core/Src/drivers/TMCStepper/CHOPCONF.cpp:18:6:virtual void TMC2130Stepper::hend(uint8_t)	24	static
../Core/Src/drivers/TMCStepper/CHOPCONF.cpp:20:6:void TMC2130Stepper::disfdcc(bool)	16	static
../Core/Src/drivers/TMCStepper/CHOPCONF.cpp:21:6:void TMC2130Stepper::rndtf(bool)	16	static
../Core/Src/drivers/TMCStepper/CHOPCONF.cpp:22:6:void TMC2130Stepper::chm(bool)	16	static
../Core/Src/drivers/TMCStepper/CHOPCONF.cpp:23:6:virtual void TMC2130Stepper::tbl(uint8_t)	24	static
../Core/Src/drivers/TMCStepper/CHOPCONF.cpp:24:6:virtual void TMC2130Stepper::vsense(bool)	16	static
../Core/Src/drivers/TMCStepper/CHOPCONF.cpp:25:6:void TMC2130Stepper::vhighfs(bool)	16	static
../Core/Src/drivers/TMCStepper/CHOPCONF.cpp:26:6:void TMC2130Stepper::vhighchm(bool)	16	static
../Core/Src/drivers/TMCStepper/CHOPCONF.cpp:27:6:void TMC2130Stepper::sync(uint8_t)	16	static
../Core/Src/drivers/TMCStepper/CHOPCONF.cpp:28:6:virtual void TMC2130Stepper::mres(uint8_t)	16	static
../Core/Src/drivers/TMCStepper/CHOPCONF.cpp:29:6:void TMC2130Stepper::intpol(bool)	16	static
../Core/Src/drivers/TMCStepper/CHOPCONF.cpp:30:6:void TMC2130Stepper::dedge(bool)	16	static
../Core/Src/drivers/TMCStepper/CHOPCONF.cpp:31:6:void TMC2130Stepper::diss2g(bool)	16	static
../Core/Src/drivers/TMCStepper/CHOPCONF.cpp:33:9:uint8_t TMC2130Stepper::toff()	24	static
../Core/Src/drivers/TMCStepper/CHOPCONF.cpp:34:9:virtual uint8_t TMC2130Stepper::hstrt()	24	static
../Core/Src/drivers/TMCStepper/CHOPCONF.cpp:35:9:virtual uint8_t TMC2130Stepper::hend()	24	static
../Core/Src/drivers/TMCStepper/CHOPCONF.cpp:37:9:bool TMC2130Stepper::disfdcc()	24	static
../Core/Src/drivers/TMCStepper/CHOPCONF.cpp:38:9:bool TMC2130Stepper::rndtf()	24	static
../Core/Src/drivers/TMCStepper/CHOPCONF.cpp:39:9:bool TMC2130Stepper::chm()	24	static
../Core/Src/drivers/TMCStepper/CHOPCONF.cpp:40:9:virtual uint8_t TMC2130Stepper::tbl()	24	static
../Core/Src/drivers/TMCStepper/CHOPCONF.cpp:41:9:virtual bool TMC2130Stepper::vsense()	24	static
../Core/Src/drivers/TMCStepper/CHOPCONF.cpp:42:9:bool TMC2130Stepper::vhighfs()	24	static
../Core/Src/drivers/TMCStepper/CHOPCONF.cpp:43:9:bool TMC2130Stepper::vhighchm()	24	static
../Core/Src/drivers/TMCStepper/CHOPCONF.cpp:44:9:uint8_t TMC2130Stepper::sync()	24	static
../Core/Src/drivers/TMCStepper/CHOPCONF.cpp:45:9:virtual uint8_t TMC2130Stepper::mres()	24	static
../Core/Src/drivers/TMCStepper/CHOPCONF.cpp:46:9:bool TMC2130Stepper::intpol()	24	static
../Core/Src/drivers/TMCStepper/CHOPCONF.cpp:47:9:bool TMC2130Stepper::dedge()	24	static
../Core/Src/drivers/TMCStepper/CHOPCONF.cpp:48:9:bool TMC2130Stepper::diss2g()	24	static
../Core/Src/drivers/TMCStepper/CHOPCONF.cpp:50:6:void TMC5160Stepper::diss2vs(bool)	16	static
../Core/Src/drivers/TMCStepper/CHOPCONF.cpp:51:6:void TMC5160Stepper::tpfd(uint8_t)	16	static
../Core/Src/drivers/TMCStepper/CHOPCONF.cpp:52:6:bool TMC5160Stepper::diss2vs()	24	static
../Core/Src/drivers/TMCStepper/CHOPCONF.cpp:53:9:uint8_t TMC5160Stepper::tpfd()	24	static
../Core/Src/drivers/TMCStepper/CHOPCONF.cpp:55:6:void TMC2208Stepper::CHOPCONF(uint32_t)	16	static
../Core/Src/drivers/TMCStepper/CHOPCONF.cpp:59:10:uint32_t TMC2208Stepper::CHOPCONF()	16	static
../Core/Src/drivers/TMCStepper/CHOPCONF.cpp:62:6:void TMC2208Stepper::toff(uint8_t)	16	static
../Core/Src/drivers/TMCStepper/CHOPCONF.cpp:63:6:virtual void TMC2208Stepper::hstrt(uint8_t)	16	static
../Core/Src/drivers/TMCStepper/CHOPCONF.cpp:64:6:virtual void TMC2208Stepper::hend(uint8_t)	24	static
../Core/Src/drivers/TMCStepper/CHOPCONF.cpp:65:6:virtual void TMC2208Stepper::tbl(uint8_t)	24	static
../Core/Src/drivers/TMCStepper/CHOPCONF.cpp:66:6:virtual void TMC2208Stepper::vsense(bool)	16	static
../Core/Src/drivers/TMCStepper/CHOPCONF.cpp:67:6:virtual void TMC2208Stepper::mres(uint8_t)	16	static
../Core/Src/drivers/TMCStepper/CHOPCONF.cpp:68:6:void TMC2208Stepper::intpol(bool)	16	static
../Core/Src/drivers/TMCStepper/CHOPCONF.cpp:69:6:void TMC2208Stepper::dedge(bool)	16	static
../Core/Src/drivers/TMCStepper/CHOPCONF.cpp:70:6:void TMC2208Stepper::diss2g(bool)	16	static
../Core/Src/drivers/TMCStepper/CHOPCONF.cpp:71:6:void TMC2208Stepper::diss2vs(bool)	16	static
../Core/Src/drivers/TMCStepper/CHOPCONF.cpp:73:9:uint8_t TMC2208Stepper::toff()	24	static
../Core/Src/drivers/TMCStepper/CHOPCONF.cpp:74:9:virtual uint8_t TMC2208Stepper::hstrt()	24	static
../Core/Src/drivers/TMCStepper/CHOPCONF.cpp:75:9:virtual uint8_t TMC2208Stepper::hend()	24	static
../Core/Src/drivers/TMCStepper/CHOPCONF.cpp:76:9:virtual uint8_t TMC2208Stepper::tbl()	24	static
../Core/Src/drivers/TMCStepper/CHOPCONF.cpp:77:9:virtual bool TMC2208Stepper::vsense()	24	static
../Core/Src/drivers/TMCStepper/CHOPCONF.cpp:78:9:virtual uint8_t TMC2208Stepper::mres()	24	static
../Core/Src/drivers/TMCStepper/CHOPCONF.cpp:79:9:bool TMC2208Stepper::intpol()	24	static
../Core/Src/drivers/TMCStepper/CHOPCONF.cpp:80:9:bool TMC2208Stepper::dedge()	24	static
../Core/Src/drivers/TMCStepper/CHOPCONF.cpp:81:9:bool TMC2208Stepper::diss2g()	24	static
../Core/Src/drivers/TMCStepper/CHOPCONF.cpp:82:9:bool TMC2208Stepper::diss2vs()	24	static
