../Core/Src/drivers/TMCStepper/GCONF.cpp:8:10:uint32_t TMC2130Stepper::GCONF()	16	static
../Core/Src/drivers/TMCStepper/GCONF.cpp:11:6:void TMC2130Stepper::GCONF(uint32_t)	16	static
../Core/Src/drivers/TMCStepper/GCONF.cpp:16:6:void TMC2130Stepper::I_scale_analog(bool)	16	static
../Core/Src/drivers/TMCStepper/GCONF.cpp:17:6:void TMC2130Stepper::internal_Rsense(bool)	16	static
../Core/Src/drivers/TMCStepper/GCONF.cpp:18:6:void TMC2130Stepper::en_pwm_mode(bool)	16	static
../Core/Src/drivers/TMCStepper/GCONF.cpp:19:6:void TMC2130Stepper::enc_commutation(bool)	16	static
../Core/Src/drivers/TMCStepper/GCONF.cpp:20:6:void TMC2130Stepper::shaft(bool)	16	static
../Core/Src/drivers/TMCStepper/GCONF.cpp:21:6:void TMC2130Stepper::diag0_error(bool)	16	static
../Core/Src/drivers/TMCStepper/GCONF.cpp:22:6:void TMC2130Stepper::diag0_otpw(bool)	16	static
../Core/Src/drivers/TMCStepper/GCONF.cpp:23:6:void TMC2130Stepper::diag0_stall(bool)	16	static
../Core/Src/drivers/TMCStepper/GCONF.cpp:24:6:void TMC2130Stepper::diag1_stall(bool)	16	static
../Core/Src/drivers/TMCStepper/GCONF.cpp:25:6:void TMC2130Stepper::diag1_index(bool)	16	static
../Core/Src/drivers/TMCStepper/GCONF.cpp:26:6:void TMC2130Stepper::diag1_onstate(bool)	16	static
../Core/Src/drivers/TMCStepper/GCONF.cpp:27:6:void TMC2130Stepper::diag1_steps_skipped(bool)	16	static
../Core/Src/drivers/TMCStepper/GCONF.cpp:28:6:void TMC2130Stepper::diag0_int_pushpull(bool)	16	static
../Core/Src/drivers/TMCStepper/GCONF.cpp:29:6:void TMC2130Stepper::diag1_pushpull(bool)	16	static
../Core/Src/drivers/TMCStepper/GCONF.cpp:30:6:void TMC2130Stepper::small_hysteresis(bool)	16	static
../Core/Src/drivers/TMCStepper/GCONF.cpp:31:6:void TMC2130Stepper::stop_enable(bool)	16	static
../Core/Src/drivers/TMCStepper/GCONF.cpp:32:6:void TMC2130Stepper::direct_mode(bool)	16	static
../Core/Src/drivers/TMCStepper/GCONF.cpp:34:6:bool TMC2130Stepper::I_scale_analog()	24	static
../Core/Src/drivers/TMCStepper/GCONF.cpp:35:6:bool TMC2130Stepper::internal_Rsense()	24	static
../Core/Src/drivers/TMCStepper/GCONF.cpp:36:6:bool TMC2130Stepper::en_pwm_mode()	24	static
../Core/Src/drivers/TMCStepper/GCONF.cpp:37:6:bool TMC2130Stepper::enc_commutation()	24	static
../Core/Src/drivers/TMCStepper/GCONF.cpp:38:6:bool TMC2130Stepper::shaft()	24	static
../Core/Src/drivers/TMCStepper/GCONF.cpp:39:6:bool TMC2130Stepper::diag0_error()	24	static
../Core/Src/drivers/TMCStepper/GCONF.cpp:40:6:bool TMC2130Stepper::diag0_otpw()	24	static
../Core/Src/drivers/TMCStepper/GCONF.cpp:41:6:bool TMC2130Stepper::diag0_stall()	24	static
../Core/Src/drivers/TMCStepper/GCONF.cpp:42:6:bool TMC2130Stepper::diag1_stall()	24	static
../Core/Src/drivers/TMCStepper/GCONF.cpp:43:6:bool TMC2130Stepper::diag1_index()	24	static
../Core/Src/drivers/TMCStepper/GCONF.cpp:44:6:bool TMC2130Stepper::diag1_onstate()	24	static
../Core/Src/drivers/TMCStepper/GCONF.cpp:45:6:bool TMC2130Stepper::diag1_steps_skipped()	24	static
../Core/Src/drivers/TMCStepper/GCONF.cpp:46:6:bool TMC2130Stepper::diag0_int_pushpull()	24	static
../Core/Src/drivers/TMCStepper/GCONF.cpp:47:6:bool TMC2130Stepper::diag1_pushpull()	24	static
../Core/Src/drivers/TMCStepper/GCONF.cpp:48:6:bool TMC2130Stepper::small_hysteresis()	24	static
../Core/Src/drivers/TMCStepper/GCONF.cpp:49:6:bool TMC2130Stepper::stop_enable()	24	static
../Core/Src/drivers/TMCStepper/GCONF.cpp:50:6:bool TMC2130Stepper::direct_mode()	24	static
../Core/Src/drivers/TMCStepper/GCONF.cpp:61:6:void TMC5160Stepper::recalibrate(bool)	16	static
../Core/Src/drivers/TMCStepper/GCONF.cpp:62:6:void TMC5160Stepper::faststandstill(bool)	16	static
../Core/Src/drivers/TMCStepper/GCONF.cpp:63:6:void TMC5160Stepper::multistep_filt(bool)	16	static
../Core/Src/drivers/TMCStepper/GCONF.cpp:64:6:bool TMC5160Stepper::recalibrate()	24	static
../Core/Src/drivers/TMCStepper/GCONF.cpp:65:6:bool TMC5160Stepper::faststandstill()	24	static
../Core/Src/drivers/TMCStepper/GCONF.cpp:66:6:bool TMC5160Stepper::multistep_filt()	24	static
../Core/Src/drivers/TMCStepper/GCONF.cpp:68:10:uint32_t TMC2208Stepper::GCONF()	16	static
../Core/Src/drivers/TMCStepper/GCONF.cpp:71:6:void TMC2208Stepper::GCONF(uint32_t)	16	static
../Core/Src/drivers/TMCStepper/GCONF.cpp:76:6:void TMC2208Stepper::I_scale_analog(bool)	16	static
../Core/Src/drivers/TMCStepper/GCONF.cpp:77:6:void TMC2208Stepper::internal_Rsense(bool)	16	static
../Core/Src/drivers/TMCStepper/GCONF.cpp:78:6:void TMC2208Stepper::en_spreadCycle(bool)	16	static
../Core/Src/drivers/TMCStepper/GCONF.cpp:79:6:void TMC2208Stepper::shaft(bool)	16	static
../Core/Src/drivers/TMCStepper/GCONF.cpp:80:6:void TMC2208Stepper::index_otpw(bool)	16	static
../Core/Src/drivers/TMCStepper/GCONF.cpp:81:6:void TMC2208Stepper::index_step(bool)	16	static
../Core/Src/drivers/TMCStepper/GCONF.cpp:82:6:void TMC2208Stepper::pdn_disable(bool)	16	static
../Core/Src/drivers/TMCStepper/GCONF.cpp:83:6:void TMC2208Stepper::mstep_reg_select(bool)	16	static
../Core/Src/drivers/TMCStepper/GCONF.cpp:84:6:void TMC2208Stepper::multistep_filt(bool)	16	static
../Core/Src/drivers/TMCStepper/GCONF.cpp:86:6:bool TMC2208Stepper::I_scale_analog()	24	static
../Core/Src/drivers/TMCStepper/GCONF.cpp:87:6:bool TMC2208Stepper::internal_Rsense()	24	static
../Core/Src/drivers/TMCStepper/GCONF.cpp:88:6:bool TMC2208Stepper::en_spreadCycle()	24	static
../Core/Src/drivers/TMCStepper/GCONF.cpp:89:6:bool TMC2208Stepper::shaft()	24	static
../Core/Src/drivers/TMCStepper/GCONF.cpp:90:6:bool TMC2208Stepper::index_otpw()	24	static
../Core/Src/drivers/TMCStepper/GCONF.cpp:91:6:bool TMC2208Stepper::index_step()	24	static
../Core/Src/drivers/TMCStepper/GCONF.cpp:92:6:bool TMC2208Stepper::pdn_disable()	24	static
../Core/Src/drivers/TMCStepper/GCONF.cpp:93:6:bool TMC2208Stepper::mstep_reg_select()	24	static
../Core/Src/drivers/TMCStepper/GCONF.cpp:94:6:bool TMC2208Stepper::multistep_filt()	24	static
