../Core/Src/drivers/TMCStepper/GCONF.cpp:68:10:uint32_t TMC2208Stepper::GCONF()	16	static
../Core/Src/drivers/TMCStepper/GCONF.cpp:71:6:void TMC2208Stepper::GCONF(uint32_t)	16	static
../Core/Src/drivers/TMCStepper/GCONF.cpp:76:6:void TMC2208Stepper::I_scale_analog(bool)	16	static
../Core/Src/drivers/TMCStepper/GCONF.cpp:77:6:void TMC2208Stepper::internal_Rsense(bool)	16	static
../Core/Src/drivers/TMCStepper/GCONF.cpp:78:6:void TMC2208Stepper::en_spreadCycle(bool)	16	static
../Core/Src/drivers/TMCStepper/GCONF.cpp:79:6:void TMC2208Stepper::shaft(bool)	16	static
../Core/Src/drivers/TMCStepper/GCONF.cpp:80:6:void TMC2208Stepper::index_otpw(bool)	16	static
../Core/Src/drivers/TMCStepper/GCONF.cpp:81:6:void TMC2208Stepper::index_step(bool)	16	static
../Core/Src/drivers/TMCStepper/GCONF.cpp:82:6:void TMC2208Stepper::pdn_disable(bool)	16	static
../Core/Src/drivers/TMCStepper/GCONF.cpp:83:6:void TMC2208Stepper::mstep_reg_select(bool)	16	static
../Core/Src/drivers/TMCStepper/GCONF.cpp:84:6:void TMC2208Stepper::multistep_filt(bool)	16	static
../Core/Src/drivers/TMCStepper/GCONF.cpp:86:6:bool TMC2208Stepper::I_scale_analog()	24	static
../Core/Src/drivers/TMCStepper/GCONF.cpp:87:6:bool TMC2208Stepper::internal_Rsense()	24	static
../Core/Src/drivers/TMCStepper/GCONF.cpp:88:6:bool TMC2208Stepper::en_spreadCycle()	24	static
../Core/Src/drivers/TMCStepper/GCONF.cpp:89:6:bool TMC2208Stepper::shaft()	24	static
../Core/Src/drivers/TMCStepper/GCONF.cpp:90:6:bool TMC2208Stepper::index_otpw()	24	static
../Core/Src/drivers/TMCStepper/GCONF.cpp:91:6:bool TMC2208Stepper::index_step()	24	static
../Core/Src/drivers/TMCStepper/GCONF.cpp:92:6:bool TMC2208Stepper::pdn_disable()	24	static
../Core/Src/drivers/TMCStepper/GCONF.cpp:93:6:bool TMC2208Stepper::mstep_reg_select()	24	static
../Core/Src/drivers/TMCStepper/GCONF.cpp:94:6:bool TMC2208Stepper::multistep_filt()	24	static
