../Core/Src/drivers/TMCStepper/TMC2209Stepper.cpp:3:10:uint32_t TMC2209Stepper::IOIN()	16	static
../Core/Src/drivers/TMCStepper/TMC2209Stepper.cpp:6:6:bool TMC2209Stepper::enn()	24	static
../Core/Src/drivers/TMCStepper/TMC2209Stepper.cpp:7:6:bool TMC2209Stepper::ms1()	24	static
../Core/Src/drivers/TMCStepper/TMC2209Stepper.cpp:8:6:bool TMC2209Stepper::ms2()	24	static
../Core/Src/drivers/TMCStepper/TMC2209Stepper.cpp:9:6:bool TMC2209Stepper::diag()	24	static
../Core/Src/drivers/TMCStepper/TMC2209Stepper.cpp:10:6:bool TMC2209Stepper::pdn_uart()	24	static
../Core/Src/drivers/TMCStepper/TMC2209Stepper.cpp:11:6:bool TMC2209Stepper::step()	24	static
../Core/Src/drivers/TMCStepper/TMC2209Stepper.cpp:12:6:bool TMC2209Stepper::spread_en()	24	static
../Core/Src/drivers/TMCStepper/TMC2209Stepper.cpp:13:6:bool TMC2209Stepper::dir()	24	static
../Core/Src/drivers/TMCStepper/TMC2209Stepper.cpp:14:9:uint8_t TMC2209Stepper::version()	24	static
../Core/Src/drivers/TMCStepper/TMC2209Stepper.cpp:16:6:void TMC2209Stepper::push()	16	static
../Core/Src/drivers/TMCStepper/TMC2209Stepper.cpp:28:6:void TMC2209Stepper::SGTHRS(uint8_t)	16	static
../Core/Src/drivers/TMCStepper/TMC2209Stepper.cpp:32:9:uint8_t TMC2209Stepper::SGTHRS()	16	static
../Core/Src/drivers/TMCStepper/TMC2209Stepper.cpp:37:10:uint32_t TMC2209Stepper::TCOOLTHRS()	16	static
../Core/Src/drivers/TMCStepper/TMC2209Stepper.cpp:38:6:void TMC2209Stepper::TCOOLTHRS(uint32_t)	16	static
../Core/Src/drivers/TMCStepper/TMC2209Stepper.cpp:43:10:uint16_t TMC2209Stepper::SG_RESULT()	16	static
