C:\ST\STM32CubeIDE_1.16.1\STM32CubeIDE\plugins\com.st.stm32cube.ide.mcu.externaltools.gnu-tools-for-stm32.12.3.rel1.win32_1.0.200.202406191623\tools\arm-none-eabi\include\c++\12.3.1\arm-none-eabi\thumb\v7e-m+dp\hard\bits\c++config.h:516:3:constexpr bool std::__is_constant_evaluated()	4	static
C:\ST\STM32CubeIDE_1.16.1\STM32CubeIDE\plugins\com.st.stm32cube.ide.mcu.externaltools.gnu-tools-for-stm32.12.3.rel1.win32_1.0.200.202406191623\tools\arm-none-eabi\include\c++\12.3.1\bits\char_traits.h:393:7:static constexpr std::size_t std::char_traits<char>::length(const char_type*)	16	static
C:\ST\STM32CubeIDE_1.16.1\STM32CubeIDE\plugins\com.st.stm32cube.ide.mcu.externaltools.gnu-tools-for-stm32.12.3.rel1.win32_1.0.200.202406191623\tools\bin/../lib/gcc/arm-none-eabi/12.3.1/../../../../arm-none-eabi/include/c++/12.3.1/new:174:33:void* operator new(std::size_t, void*)	16	static
C:\ST\STM32CubeIDE_1.16.1\STM32CubeIDE\plugins\com.st.stm32cube.ide.mcu.externaltools.gnu-tools-for-stm32.12.3.rel1.win32_1.0.200.202406191623\tools\arm-none-eabi\include\c++\12.3.1\arm-none-eabi\thumb\v7e-m+dp\hard\bits\gthr-default.h:229:1:int __gthread_key_delete(__gthread_key_t)	16	static
C:\ST\STM32CubeIDE_1.16.1\STM32CubeIDE\plugins\com.st.stm32cube.ide.mcu.externaltools.gnu-tools-for-stm32.12.3.rel1.win32_1.0.200.202406191623\tools\arm-none-eabi\include\c++\12.3.1\bits\shared_ptr_base.h:288:5:void std::_Sp_counted_base<_Lp>::_M_add_ref_copy() [with __gnu_cxx::_Lock_policy _Lp = __gnu_cxx::_S_single]	16	static
C:\ST\STM32CubeIDE_1.16.1\STM32CubeIDE\plugins\com.st.stm32cube.ide.mcu.externaltools.gnu-tools-for-stm32.12.3.rel1.win32_1.0.200.202406191623\tools\arm-none-eabi\include\c++\12.3.1\bits\shared_ptr_base.h:293:5:void std::_Sp_counted_base<_Lp>::_M_release() [with __gnu_cxx::_Lock_policy _Lp = __gnu_cxx::_S_single]	16	static
C:\ST\STM32CubeIDE_1.16.1\STM32CubeIDE\plugins\com.st.stm32cube.ide.mcu.externaltools.gnu-tools-for-stm32.12.3.rel1.win32_1.0.200.202406191623\tools\arm-none-eabi\include\c++\12.3.1\bits\shared_ptr_base.h:564:5:static const std::type_info& std::_Sp_make_shared_tag::_S_ti()	4	static
F:/Local Repositories/Remora-STM32CubeIDE/Remora-STM32H7xx/Core/Src/lib/ArduinoJson7/../../modules/module.h:32:22:virtual bool Module::getUsesModulePost() const	16	static
F:/Local Repositories/Remora-STM32CubeIDE/Remora-STM32H7xx/Core/Src/lib/ArduinoJson7/ArduinoJson/Polyfills/limits.hpp:25:22:static constexpr T ArduinoJson::V730HB22::detail::numeric_limits<T, typename ArduinoJson::V730HB22::detail::enable_if<ArduinoJson::V730HB22::detail::is_unsigned<T>::value, void>::type>::highest() [with T = short unsigned int]	4	static
F:/Local Repositories/Remora-STM32CubeIDE/Remora-STM32H7xx/Core/Src/lib/ArduinoJson7/ArduinoJson/Strings/Adapters/RamString.hpp:29:3:ArduinoJson::V730HB22::detail::RamString::RamString(const char*, size_t, bool)	24	static
F:/Local Repositories/Remora-STM32CubeIDE/Remora-STM32H7xx/Core/Src/lib/ArduinoJson7/ArduinoJson/Strings/Adapters/RamString.hpp:34:8:bool ArduinoJson::V730HB22::detail::RamString::isNull() const	16	static
F:/Local Repositories/Remora-STM32CubeIDE/Remora-STM32H7xx/Core/Src/lib/ArduinoJson7/ArduinoJson/Strings/Adapters/RamString.hpp:38:10:size_t ArduinoJson::V730HB22::detail::RamString::size() const	16	static
F:/Local Repositories/Remora-STM32CubeIDE/Remora-STM32H7xx/Core/Src/lib/ArduinoJson7/ArduinoJson/Strings/Adapters/RamString.hpp:42:8:char ArduinoJson::V730HB22::detail::RamString::operator[](size_t) const	16	static
F:/Local Repositories/Remora-STM32CubeIDE/Remora-STM32H7xx/Core/Src/lib/ArduinoJson7/ArduinoJson/Strings/Adapters/RamString.hpp:48:15:const char* ArduinoJson::V730HB22::detail::RamString::data() const	16	static
F:/Local Repositories/Remora-STM32CubeIDE/Remora-STM32H7xx/Core/Src/lib/ArduinoJson7/ArduinoJson/Strings/JsonString.hpp:22:3:ArduinoJson::V730HB22::JsonString::JsonString()	16	static
F:/Local Repositories/Remora-STM32CubeIDE/Remora-STM32H7xx/Core/Src/lib/ArduinoJson7/ArduinoJson/Strings/JsonString.hpp:24:3:ArduinoJson::V730HB22::JsonString::JsonString(const char*, bool)	32	static
F:/Local Repositories/Remora-STM32CubeIDE/Remora-STM32H7xx/Core/Src/lib/ArduinoJson7/ArduinoJson/Strings/JsonString.hpp:35:15:const char* ArduinoJson::V730HB22::JsonString::c_str() const	16	static
F:/Local Repositories/Remora-STM32CubeIDE/Remora-STM32H7xx/Core/Src/lib/ArduinoJson7/ArduinoJson/Strings/JsonString.hpp:94:31:static const ArduinoJson::V730HB22::detail::StringAdapter<ArduinoJson::V730HB22::JsonString>::AdaptedString& ArduinoJson::V730HB22::detail::StringAdapter<ArduinoJson::V730HB22::JsonString>::adapt(const ArduinoJson::V730HB22::JsonString&)	16	static
F:/Local Repositories/Remora-STM32CubeIDE/Remora-STM32H7xx/Core/Src/lib/ArduinoJson7/ArduinoJson/Collection/CollectionData.hpp:22:3:ArduinoJson::V730HB22::detail::CollectionIterator::CollectionIterator()	16	static
F:/Local Repositories/Remora-STM32CubeIDE/Remora-STM32H7xx/Core/Src/lib/ArduinoJson7/ArduinoJson/Collection/CollectionData.hpp:26:8:bool ArduinoJson::V730HB22::detail::CollectionIterator::done() const	16	static
F:/Local Repositories/Remora-STM32CubeIDE/Remora-STM32H7xx/Core/Src/lib/ArduinoJson7/ArduinoJson/Collection/CollectionData.hpp:38:16:ArduinoJson::V730HB22::detail::VariantData* ArduinoJson::V730HB22::detail::CollectionIterator::operator->()	16	static
F:/Local Repositories/Remora-STM32CubeIDE/Remora-STM32H7xx/Core/Src/lib/ArduinoJson7/ArduinoJson/Collection/CollectionData.hpp:53:16:ArduinoJson::V730HB22::detail::VariantData* ArduinoJson::V730HB22::detail::CollectionIterator::data()	16	static
F:/Local Repositories/Remora-STM32CubeIDE/Remora-STM32H7xx/Core/Src/lib/ArduinoJson7/ArduinoJson/Collection/CollectionData.hpp:117:21:ArduinoJson::V730HB22::detail::VariantData* ArduinoJson::V730HB22::detail::collectionToVariant(CollectionData*)	24	static
F:/Local Repositories/Remora-STM32CubeIDE/Remora-STM32H7xx/Core/Src/lib/ArduinoJson7/ArduinoJson/Variant/VariantContent.hpp:45:13:bool ArduinoJson::V730HB22::detail::operator&(VariantType, VariantTypeBits)	16	static
F:/Local Repositories/Remora-STM32CubeIDE/Remora-STM32H7xx/Core/Src/lib/ArduinoJson7/ArduinoJson/Variant/VariantData.hpp:35:10:ArduinoJson::V730HB22::detail::SlotId ArduinoJson::V730HB22::detail::VariantData::next() const	16	static
F:/Local Repositories/Remora-STM32CubeIDE/Remora-STM32H7xx/Core/Src/lib/ArduinoJson7/ArduinoJson/Variant/VariantData.hpp:251:15:ArduinoJson::V730HB22::detail::ObjectData* ArduinoJson::V730HB22::detail::VariantData::asObject()	16	static
F:/Local Repositories/Remora-STM32CubeIDE/Remora-STM32H7xx/Core/Src/lib/ArduinoJson7/ArduinoJson/Variant/VariantData.hpp:255:21:const ArduinoJson::V730HB22::detail::ObjectData* ArduinoJson::V730HB22::detail::VariantData::asObject() const	16	static
F:/Local Repositories/Remora-STM32CubeIDE/Remora-STM32H7xx/Core/Src/lib/ArduinoJson7/ArduinoJson/Variant/VariantData.hpp:269:14:ArduinoJson::V730HB22::JsonString ArduinoJson::V730HB22::detail::VariantData::asString() const	16	static
F:/Local Repositories/Remora-STM32CubeIDE/Remora-STM32H7xx/Core/Src/lib/ArduinoJson7/ArduinoJson/Variant/VariantData.hpp:379:8:bool ArduinoJson::V730HB22::detail::VariantData::isObject() const	16	static
F:/Local Repositories/Remora-STM32CubeIDE/Remora-STM32H7xx/Core/Src/lib/ArduinoJson7/ArduinoJson/Variant/JsonVariantConst.hpp:41:12:ArduinoJson::V730HB22::JsonVariantConst::JsonVariantConst(const ArduinoJson::V730HB22::detail::VariantData*, const ArduinoJson::V730HB22::detail::ResourceManager*)	24	static
F:/Local Repositories/Remora-STM32CubeIDE/Remora-STM32H7xx/Core/Src/lib/ArduinoJson7/ArduinoJson/Variant/JsonVariantConst.hpp:184:30:const ArduinoJson::V730HB22::detail::VariantData* ArduinoJson::V730HB22::JsonVariantConst::getData() const	16	static
F:/Local Repositories/Remora-STM32CubeIDE/Remora-STM32H7xx/Core/Src/lib/ArduinoJson7/ArduinoJson/Variant/JsonVariantConst.hpp:188:34:const ArduinoJson::V730HB22::detail::ResourceManager* ArduinoJson::V730HB22::JsonVariantConst::getResourceManager() const	16	static
../Core/Src/modules/tmc/../../lib/ArduinoJson7/ArduinoJson/Object/JsonObject.hpp:229:28:ArduinoJson::V730HB22::detail::ResourceManager* ArduinoJson::V730HB22::JsonObject::getResourceManager() const	16	static
../Core/Src/modules/tmc/../../lib/ArduinoJson7/ArduinoJson/Object/JsonObject.hpp:233:24:ArduinoJson::V730HB22::detail::VariantData* ArduinoJson::V730HB22::JsonObject::getData() const	16	static
../Core/Src/modules/tmc/../../lib/ArduinoJson7/ArduinoJson/Collection/CollectionImpl.hpp:15:8:ArduinoJson::V730HB22::detail::CollectionIterator::CollectionIterator(ArduinoJson::V730HB22::detail::VariantData*, ArduinoJson::V730HB22::detail::SlotId)	24	static
../Core/Src/modules/tmc/../../lib/ArduinoJson7/ArduinoJson/Collection/CollectionImpl.hpp:20:13:void ArduinoJson::V730HB22::detail::CollectionIterator::next(const ArduinoJson::V730HB22::detail::ResourceManager*)	16	static
../Core/Src/modules/tmc/../../lib/ArduinoJson7/ArduinoJson/Collection/CollectionImpl.hpp:28:33:ArduinoJson::V730HB22::detail::CollectionData::iterator ArduinoJson::V730HB22::detail::CollectionData::createIterator(const ArduinoJson::V730HB22::detail::ResourceManager*) const	24	static
../Core/Src/modules/tmc/../../lib/ArduinoJson7/ArduinoJson/Memory/ResourceManagerImpl.hpp:28:21:ArduinoJson::V730HB22::detail::VariantData* ArduinoJson::V730HB22::detail::ResourceManager::getVariant(ArduinoJson::V730HB22::detail::SlotId) const	16	static
../Core/Src/modules/tmc/../../lib/ArduinoJson7/ArduinoJson/Memory/ResourceManagerImpl.hpp:47:26:ArduinoJson::V730HB22::detail::VariantExtension* ArduinoJson::V730HB22::detail::ResourceManager::getExtension(ArduinoJson::V730HB22::detail::SlotId) const	16	static
../Core/Src/modules/tmc/../../lib/ArduinoJson7/ArduinoJson/Variant/ConverterImpl.hpp:161:22:static const char* ArduinoJson::V730HB22::Converter<const char*>::fromJson(ArduinoJson::V730HB22::JsonVariantConst)	32	static
../Core/Src/modules/tmc/../../lib/ArduinoJson7/ArduinoJson/Variant/VariantImpl.hpp:60:32:const ArduinoJson::V730HB22::detail::VariantExtension* ArduinoJson::V730HB22::detail::VariantData::getExtension(const ArduinoJson::V730HB22::detail::ResourceManager*) const	16	static
F:/Local Repositories/Remora-STM32CubeIDE/Remora-STM32H7xx/Core/Src/lib/ArduinoJson7/ArduinoJson/Polyfills/ctype.hpp:12:13:bool ArduinoJson::V730HB22::detail::isdigit(char)	16	static
F:/Local Repositories/Remora-STM32CubeIDE/Remora-STM32H7xx/Core/Src/lib/ArduinoJson7/ArduinoJson/Numbers/parseNumber.hpp:31:3:ArduinoJson::V730HB22::detail::NumberValue::NumberValue()	16	static
F:/Local Repositories/Remora-STM32CubeIDE/Remora-STM32H7xx/Core/Src/lib/ArduinoJson7/ArduinoJson/Numbers/parseNumber.hpp:32:3:ArduinoJson::V730HB22::detail::NumberValue::NumberValue(float)	16	static
F:/Local Repositories/Remora-STM32CubeIDE/Remora-STM32H7xx/Core/Src/lib/ArduinoJson7/ArduinoJson/Numbers/parseNumber.hpp:33:3:ArduinoJson::V730HB22::detail::NumberValue::NumberValue(ArduinoJson::V730HB22::JsonInteger)	24	static
F:/Local Repositories/Remora-STM32CubeIDE/Remora-STM32H7xx/Core/Src/lib/ArduinoJson7/ArduinoJson/Numbers/parseNumber.hpp:34:3:ArduinoJson::V730HB22::detail::NumberValue::NumberValue(ArduinoJson::V730HB22::JsonUInt)	24	static
F:/Local Repositories/Remora-STM32CubeIDE/Remora-STM32H7xx/Core/Src/lib/ArduinoJson7/ArduinoJson/Numbers/parseNumber.hpp:36:3:ArduinoJson::V730HB22::detail::NumberValue::NumberValue(double)	24	static
F:/Local Repositories/Remora-STM32CubeIDE/Remora-STM32H7xx/Core/Src/lib/ArduinoJson7/ArduinoJson/Numbers/parseNumber.hpp:52:3:ArduinoJson::V730HB22::detail::Number::Number()	16	static
F:/Local Repositories/Remora-STM32CubeIDE/Remora-STM32H7xx/Core/Src/lib/ArduinoJson7/ArduinoJson/Numbers/parseNumber.hpp:53:3:ArduinoJson::V730HB22::detail::Number::Number(float)	16	static
F:/Local Repositories/Remora-STM32CubeIDE/Remora-STM32H7xx/Core/Src/lib/ArduinoJson7/ArduinoJson/Numbers/parseNumber.hpp:54:3:ArduinoJson::V730HB22::detail::Number::Number(ArduinoJson::V730HB22::JsonInteger)	24	static
F:/Local Repositories/Remora-STM32CubeIDE/Remora-STM32H7xx/Core/Src/lib/ArduinoJson7/ArduinoJson/Numbers/parseNumber.hpp:55:3:ArduinoJson::V730HB22::detail::Number::Number(ArduinoJson::V730HB22::JsonUInt)	24	static
F:/Local Repositories/Remora-STM32CubeIDE/Remora-STM32H7xx/Core/Src/lib/ArduinoJson7/ArduinoJson/Numbers/parseNumber.hpp:57:3:ArduinoJson::V730HB22::detail::Number::Number(double)	24	static
F:/Local Repositories/Remora-STM32CubeIDE/Remora-STM32H7xx/Core/Src/lib/ArduinoJson7/ArduinoJson/Numbers/parseNumber.hpp:105:15:ArduinoJson::V730HB22::detail::Number ArduinoJson::V730HB22::detail::parseNumber(const char*)	184	static
../Core/Src/modules/tmc/../../remora.h:78:16:pruThread* Remora::getSerialThread()	16	static
../Core/Src/modules/tmc/../../drivers/TMCStepper/TMCStepper.h:108:7:TMC2208Stepper::~TMC2208Stepper()	16	static
../Core/Src/modules/tmc/../../drivers/TMCStepper/TMCStepper.h:111:9:TMC2208Stepper::TMC2208Stepper(std::string, std::string, float)	72	static
C:\ST\STM32CubeIDE_1.16.1\STM32CubeIDE\plugins\com.st.stm32cube.ide.mcu.externaltools.gnu-tools-for-stm32.12.3.rel1.win32_1.0.200.202406191623\tools\arm-none-eabi\include\c++\12.3.1\bits\shared_ptr_base.h:1524:7:std::__shared_ptr<_Tp, _Lp>::~__shared_ptr() [with _Tp = TMC2208; __gnu_cxx::_Lock_policy _Lp = __gnu_cxx::_S_single]	16	static
C:\ST\STM32CubeIDE_1.16.1\STM32CubeIDE\plugins\com.st.stm32cube.ide.mcu.externaltools.gnu-tools-for-stm32.12.3.rel1.win32_1.0.200.202406191623\tools\bin/../lib/gcc/arm-none-eabi/12.3.1/../../../../arm-none-eabi/include/c++/12.3.1/bits/shared_ptr.h:175:11:std::shared_ptr<TMC2208>::~shared_ptr()	16	static
C:\ST\STM32CubeIDE_1.16.1\STM32CubeIDE\plugins\com.st.stm32cube.ide.mcu.externaltools.gnu-tools-for-stm32.12.3.rel1.win32_1.0.200.202406191623\tools\arm-none-eabi\include\c++\12.3.1\bits\shared_ptr_base.h:1524:7:std::__shared_ptr<_Tp, _Lp>::~__shared_ptr() [with _Tp = Module; __gnu_cxx::_Lock_policy _Lp = __gnu_cxx::_S_single]	16	static
C:\ST\STM32CubeIDE_1.16.1\STM32CubeIDE\plugins\com.st.stm32cube.ide.mcu.externaltools.gnu-tools-for-stm32.12.3.rel1.win32_1.0.200.202406191623\tools\bin/../lib/gcc/arm-none-eabi/12.3.1/../../../../arm-none-eabi/include/c++/12.3.1/bits/shared_ptr.h:175:11:std::shared_ptr<Module>::~shared_ptr()	16	static
../Core/Src/modules/tmc/tmc2208.cpp:7:25:static std::shared_ptr<Module> TMC2208::create(const ArduinoJson::V730HB22::JsonObject&, Remora*)	288	static
../Core/Src/modules/tmc/tmc.h:11:7:TMC::TMC()	16	static
../Core/Src/modules/tmc/tmc.h:11:7:TMC::~TMC()	16	static
../Core/Src/modules/tmc/tmc.h:11:7:virtual TMC::~TMC()	16	static
../Core/Src/modules/tmc/tmc2208.cpp:45:1:TMC2208::TMC2208(std::string, float, uint16_t, uint16_t, bool)	80	static
../Core/Src/modules/tmc/tmc2208.cpp:55:1:TMC2208::~TMC2208()	24	static
../Core/Src/modules/tmc/tmc2208.cpp:55:1:virtual TMC2208::~TMC2208()	16	static
../Core/Src/modules/tmc/tmc2208.cpp:60:6:virtual void TMC2208::configure()	24	static
../Core/Src/modules/tmc/tmc2208.cpp:111:6:virtual void TMC2208::update()	16	static
C:\ST\STM32CubeIDE_1.16.1\STM32CubeIDE\plugins\com.st.stm32cube.ide.mcu.externaltools.gnu-tools-for-stm32.12.3.rel1.win32_1.0.200.202406191623\tools\arm-none-eabi\include\c++\12.3.1\bits\char_traits.h:182:5:static constexpr std::size_t __gnu_cxx::char_traits<_CharT>::length(const char_type*) [with _CharT = char]	24	static
C:\ST\STM32CubeIDE_1.16.1\STM32CubeIDE\plugins\com.st.stm32cube.ide.mcu.externaltools.gnu-tools-for-stm32.12.3.rel1.win32_1.0.200.202406191623\tools\arm-none-eabi\include\c++\12.3.1\bits\shared_ptr_base.h:143:7:void std::_Sp_counted_base<_Lp>::_M_destroy() [with __gnu_cxx::_Lock_policy _Lp = __gnu_cxx::_S_single]	16	static
F:/Local Repositories/Remora-STM32CubeIDE/Remora-STM32H7xx/Core/Src/lib/ArduinoJson7/ArduinoJson/Strings/JsonString.hpp:31:3:ArduinoJson::V730HB22::JsonString::JsonString(const char*, TSize, bool) [with TSize = short unsigned int; typename ArduinoJson::V730HB22::detail::enable_if<(ArduinoJson::V730HB22::detail::is_integral<T>::value && (! ArduinoJson::V730HB22::detail::is_same<TSize, bool>::value)), int>::type <anonymous> = 0]	24	static
F:/Local Repositories/Remora-STM32CubeIDE/Remora-STM32H7xx/Core/Src/lib/ArduinoJson7/ArduinoJson/Variant/VariantAttorney.hpp:25:15:getData()) ArduinoJson::V730HB22::detail::VariantAttorney::getData(TClient&) [with TClient = ArduinoJson::V730HB22::JsonVariantConst]	16	static
F:/Local Repositories/Remora-STM32CubeIDE/Remora-STM32H7xx/Core/Src/lib/ArduinoJson7/ArduinoJson/Variant/VariantAttorney.hpp:19:15:getResourceManager()) ArduinoJson::V730HB22::detail::VariantAttorney::getResourceManager(TClient&) [with TClient = ArduinoJson::V730HB22::JsonVariantConst]	16	static
F:/Local Repositories/Remora-STM32CubeIDE/Remora-STM32H7xx/Core/Src/lib/ArduinoJson7/ArduinoJson/Memory/MemoryPoolList.hpp:108:6:T* ArduinoJson::V730HB22::detail::MemoryPoolList<T>::getSlot(ArduinoJson::V730HB22::detail::SlotId) const [with T = ArduinoJson::V730HB22::detail::ResourceManager::SlotData]	24	static
F:/Local Repositories/Remora-STM32CubeIDE/Remora-STM32H7xx/Core/Src/lib/ArduinoJson7/ArduinoJson/Numbers/FloatTraits.hpp:70:12:static T ArduinoJson::V730HB22::detail::FloatTraits<T, 8>::inf() [with T = double]	8	static
F:/Local Repositories/Remora-STM32CubeIDE/Remora-STM32H7xx/Core/Src/lib/ArduinoJson7/ArduinoJson/Numbers/FloatTraits.hpp:196:15:TFloat ArduinoJson::V730HB22::detail::make_float(TFloat, TExponent) [with TFloat = double; TExponent = int]	32	static
F:/Local Repositories/Remora-STM32CubeIDE/Remora-STM32H7xx/Core/Src/lib/ArduinoJson7/ArduinoJson/Numbers/FloatTraits.hpp:196:15:TFloat ArduinoJson::V730HB22::detail::make_float(TFloat, TExponent) [with TFloat = float; TExponent = int]	24	static
C:\ST\STM32CubeIDE_1.16.1\STM32CubeIDE\plugins\com.st.stm32cube.ide.mcu.externaltools.gnu-tools-for-stm32.12.3.rel1.win32_1.0.200.202406191623\tools\arm-none-eabi\include\c++\12.3.1\bits\basic_string.h:642:7:std::__cxx11::basic_string<_CharT, _Traits, _Alloc>::basic_string(const _CharT*, const _Alloc&) [with <template-parameter-2-1> = std::allocator<char>; _CharT = char; _Traits = std::char_traits<char>; _Alloc = std::allocator<char>]	40	static
C:\ST\STM32CubeIDE_1.16.1\STM32CubeIDE\plugins\com.st.stm32cube.ide.mcu.externaltools.gnu-tools-for-stm32.12.3.rel1.win32_1.0.200.202406191623\tools\bin/../lib/gcc/arm-none-eabi/12.3.1/../../../../arm-none-eabi/include/c++/12.3.1/bits/unique_ptr.h:461:7:std::unique_ptr<_Tp, _Dp>::pointer std::unique_ptr<_Tp, _Dp>::get() const [with _Tp = pruThread; _Dp = std::default_delete<pruThread>]	16	static
../Core/Src/modules/tmc/../../lib/ArduinoJson7/ArduinoJson/Object/JsonObject.hpp:106:67:ArduinoJson::V730HB22::detail::MemberProxy<ArduinoJson::V730HB22::JsonObject, typename ArduinoJson::V730HB22::detail::StringAdapter<typename ArduinoJson::V730HB22::detail::conditional<ArduinoJson::V730HB22::detail::IsStringLiteral<T>::value, TString, typename ArduinoJson::V730HB22::detail::remove_cv<typename ArduinoJson::V730HB22::detail::remove_reference<T>::type>::type>::type>::AdaptedString> ArduinoJson::V730HB22::JsonObject::operator[](const TString&) const [with TString = char [8]; typename ArduinoJson::V730HB22::detail::enable_if<ArduinoJson::V730HB22::detail::IsString<TString>::value, int>::type <anonymous> = 0]	56	static
F:/Local Repositories/Remora-STM32CubeIDE/Remora-STM32H7xx/Core/Src/lib/ArduinoJson7/ArduinoJson/Variant/VariantRefBase.hpp:52:3:ArduinoJson::V730HB22::detail::VariantRefBase<TDerived>::operator T() const [with T = const char*; typename ArduinoJson::V730HB22::detail::enable_if<(! ArduinoJson::V730HB22::detail::is_same<T, TDerived>::value), int>::type <anonymous> = 0; TDerived = ArduinoJson::V730HB22::detail::MemberProxy<ArduinoJson::V730HB22::JsonObject, ArduinoJson::V730HB22::detail::RamString>]	16	static
../Core/Src/modules/tmc/../../lib/ArduinoJson7/ArduinoJson/Object/JsonObject.hpp:106:67:ArduinoJson::V730HB22::detail::MemberProxy<ArduinoJson::V730HB22::JsonObject, typename ArduinoJson::V730HB22::detail::StringAdapter<typename ArduinoJson::V730HB22::detail::conditional<ArduinoJson::V730HB22::detail::IsStringLiteral<T>::value, TString, typename ArduinoJson::V730HB22::detail::remove_cv<typename ArduinoJson::V730HB22::detail::remove_reference<T>::type>::type>::type>::AdaptedString> ArduinoJson::V730HB22::JsonObject::operator[](const TString&) const [with TString = char [7]; typename ArduinoJson::V730HB22::detail::enable_if<ArduinoJson::V730HB22::detail::IsString<TString>::value, int>::type <anonymous> = 0]	56	static
F:/Local Repositories/Remora-STM32CubeIDE/Remora-STM32H7xx/Core/Src/lib/ArduinoJson7/ArduinoJson/Variant/VariantRefBase.hpp:52:3:ArduinoJson::V730HB22::detail::VariantRefBase<TDerived>::operator T() const [with T = float; typename ArduinoJson::V730HB22::detail::enable_if<(! ArduinoJson::V730HB22::detail::is_same<T, TDerived>::value), int>::type <anonymous> = 0; TDerived = ArduinoJson::V730HB22::detail::MemberProxy<ArduinoJson::V730HB22::JsonObject, ArduinoJson::V730HB22::detail::RamString>]	16	static
F:/Local Repositories/Remora-STM32CubeIDE/Remora-STM32H7xx/Core/Src/lib/ArduinoJson7/ArduinoJson/Variant/VariantRefBase.hpp:52:3:ArduinoJson::V730HB22::detail::VariantRefBase<TDerived>::operator T() const [with T = unsigned char; typename ArduinoJson::V730HB22::detail::enable_if<(! ArduinoJson::V730HB22::detail::is_same<T, TDerived>::value), int>::type <anonymous> = 0; TDerived = ArduinoJson::V730HB22::detail::MemberProxy<ArduinoJson::V730HB22::JsonObject, ArduinoJson::V730HB22::detail::RamString>]	16	static
F:/Local Repositories/Remora-STM32CubeIDE/Remora-STM32H7xx/Core/Src/lib/ArduinoJson7/ArduinoJson/Variant/VariantRefBase.hpp:52:3:ArduinoJson::V730HB22::detail::VariantRefBase<TDerived>::operator T() const [with T = short unsigned int; typename ArduinoJson::V730HB22::detail::enable_if<(! ArduinoJson::V730HB22::detail::is_same<T, TDerived>::value), int>::type <anonymous> = 0; TDerived = ArduinoJson::V730HB22::detail::MemberProxy<ArduinoJson::V730HB22::JsonObject, ArduinoJson::V730HB22::detail::RamString>]	16	static
../Core/Src/modules/tmc/../../lib/ArduinoJson7/ArduinoJson/Object/JsonObject.hpp:106:67:ArduinoJson::V730HB22::detail::MemberProxy<ArduinoJson::V730HB22::JsonObject, typename ArduinoJson::V730HB22::detail::StringAdapter<typename ArduinoJson::V730HB22::detail::conditional<ArduinoJson::V730HB22::detail::IsStringLiteral<T>::value, TString, typename ArduinoJson::V730HB22::detail::remove_cv<typename ArduinoJson::V730HB22::detail::remove_reference<T>::type>::type>::type>::AdaptedString> ArduinoJson::V730HB22::JsonObject::operator[](const TString&) const [with TString = char [11]; typename ArduinoJson::V730HB22::detail::enable_if<ArduinoJson::V730HB22::detail::IsString<TString>::value, int>::type <anonymous> = 0]	56	static
../Core/Src/modules/tmc/../../lib/ArduinoJson7/ArduinoJson/Object/JsonObject.hpp:106:67:ArduinoJson::V730HB22::detail::MemberProxy<ArduinoJson::V730HB22::JsonObject, typename ArduinoJson::V730HB22::detail::StringAdapter<typename ArduinoJson::V730HB22::detail::conditional<ArduinoJson::V730HB22::detail::IsStringLiteral<T>::value, TString, typename ArduinoJson::V730HB22::detail::remove_cv<typename ArduinoJson::V730HB22::detail::remove_reference<T>::type>::type>::type>::AdaptedString> ArduinoJson::V730HB22::JsonObject::operator[](const TString&) const [with TString = char [13]; typename ArduinoJson::V730HB22::detail::enable_if<ArduinoJson::V730HB22::detail::IsString<TString>::value, int>::type <anonymous> = 0]	56	static
../Core/Src/modules/tmc/../../lib/ArduinoJson7/ArduinoJson/Object/JsonObject.hpp:106:67:ArduinoJson::V730HB22::detail::MemberProxy<ArduinoJson::V730HB22::JsonObject, typename ArduinoJson::V730HB22::detail::StringAdapter<typename ArduinoJson::V730HB22::detail::conditional<ArduinoJson::V730HB22::detail::IsStringLiteral<T>::value, TString, typename ArduinoJson::V730HB22::detail::remove_cv<typename ArduinoJson::V730HB22::detail::remove_reference<T>::type>::type>::type>::AdaptedString> ArduinoJson::V730HB22::JsonObject::operator[](const TString&) const [with TString = char [18]; typename ArduinoJson::V730HB22::detail::enable_if<ArduinoJson::V730HB22::detail::IsString<TString>::value, int>::type <anonymous> = 0]	56	static
C:\ST\STM32CubeIDE_1.16.1\STM32CubeIDE\plugins\com.st.stm32cube.ide.mcu.externaltools.gnu-tools-for-stm32.12.3.rel1.win32_1.0.200.202406191623\tools\bin/../lib/gcc/arm-none-eabi/12.3.1/../../../../arm-none-eabi/include/c++/12.3.1/bits/shared_ptr.h:1005:5:) [with _Tp = TMC2208; _Args = {const char*&, float&, short unsigned int&, short unsigned int&, bool&}]	72	static
C:\ST\STM32CubeIDE_1.16.1\STM32CubeIDE\plugins\com.st.stm32cube.ide.mcu.externaltools.gnu-tools-for-stm32.12.3.rel1.win32_1.0.200.202406191623\tools\arm-none-eabi\include\c++\12.3.1\bits\shared_ptr_base.h:1068:7:std::__shared_count<_Lp>::~__shared_count() [with __gnu_cxx::_Lock_policy _Lp = __gnu_cxx::_S_single]	16	static
C:\ST\STM32CubeIDE_1.16.1\STM32CubeIDE\plugins\com.st.stm32cube.ide.mcu.externaltools.gnu-tools-for-stm32.12.3.rel1.win32_1.0.200.202406191623\tools\bin/../lib/gcc/arm-none-eabi/12.3.1/../../../../arm-none-eabi/include/c++/12.3.1/bits/shared_ptr.h:351:2:std::shared_ptr<_Tp>::shared_ptr(const std::shared_ptr<_Yp>&) [with _Yp = TMC2208; <template-parameter-2-2> = void; _Tp = Module]	16	static
C:\ST\STM32CubeIDE_1.16.1\STM32CubeIDE\plugins\com.st.stm32cube.ide.mcu.externaltools.gnu-tools-for-stm32.12.3.rel1.win32_1.0.200.202406191623\tools\arm-none-eabi\include\c++\12.3.1\bits\shared_ptr_base.h:1354:7:std::__shared_ptr_access<_Tp, _Lp, <anonymous>, <anonymous> >::element_type* std::__shared_ptr_access<_Tp, _Lp, <anonymous>, <anonymous> >::operator->() const [with _Tp = TMC2208; __gnu_cxx::_Lock_policy _Lp = __gnu_cxx::_S_single; bool <anonymous> = false; bool <anonymous> = false]	16	static
C:\ST\STM32CubeIDE_1.16.1\STM32CubeIDE\plugins\com.st.stm32cube.ide.mcu.externaltools.gnu-tools-for-stm32.12.3.rel1.win32_1.0.200.202406191623\tools\arm-none-eabi\include\c++\12.3.1\bits\char_traits.h:121:7:static constexpr bool __gnu_cxx::char_traits<_CharT>::eq(const char_type&, const char_type&) [with _CharT = char]	16	static
C:\ST\STM32CubeIDE_1.16.1\STM32CubeIDE\plugins\com.st.stm32cube.ide.mcu.externaltools.gnu-tools-for-stm32.12.3.rel1.win32_1.0.200.202406191623\tools\arm-none-eabi\include\c++\12.3.1\bits\basic_string.tcc:235:13:std::__cxx11::basic_string<_CharT, _Traits, _Alloc>::_M_construct(_InIterator, _InIterator, std::forward_iterator_tag)::_Guard::_Guard(std::__cxx11::basic_string<_CharT, _Traits, _Alloc>*) [with _InIterator = const char*; _CharT = char; _Traits = std::char_traits<char>; _Alloc = std::allocator<char>]	16	static
C:\ST\STM32CubeIDE_1.16.1\STM32CubeIDE\plugins\com.st.stm32cube.ide.mcu.externaltools.gnu-tools-for-stm32.12.3.rel1.win32_1.0.200.202406191623\tools\arm-none-eabi\include\c++\12.3.1\bits\basic_string.tcc:238:4:std::__cxx11::basic_string<_CharT, _Traits, _Alloc>::_M_construct(_InIterator, _InIterator, std::forward_iterator_tag)::_Guard::~_Guard() [with _InIterator = const char*; _CharT = char; _Traits = std::char_traits<char>; _Alloc = std::allocator<char>]	16	static
C:\ST\STM32CubeIDE_1.16.1\STM32CubeIDE\plugins\com.st.stm32cube.ide.mcu.externaltools.gnu-tools-for-stm32.12.3.rel1.win32_1.0.200.202406191623\tools\arm-none-eabi\include\c++\12.3.1\bits\basic_string.tcc:217:7:void std::__cxx11::basic_string<_CharT, _Traits, _Alloc>::_M_construct(_InIterator, _InIterator, std::forward_iterator_tag) [with _FwdIterator = const char*; _CharT = char; _Traits = std::char_traits<char>; _Alloc = std::allocator<char>]	40	static
C:\ST\STM32CubeIDE_1.16.1\STM32CubeIDE\plugins\com.st.stm32cube.ide.mcu.externaltools.gnu-tools-for-stm32.12.3.rel1.win32_1.0.200.202406191623\tools\arm-none-eabi\include\c++\12.3.1\bits\shared_ptr_base.h:133:7:std::_Sp_counted_base<_Lp>::~_Sp_counted_base() [with __gnu_cxx::_Lock_policy _Lp = __gnu_cxx::_S_single]	16	static
C:\ST\STM32CubeIDE_1.16.1\STM32CubeIDE\plugins\com.st.stm32cube.ide.mcu.externaltools.gnu-tools-for-stm32.12.3.rel1.win32_1.0.200.202406191623\tools\arm-none-eabi\include\c++\12.3.1\bits\shared_ptr_base.h:133:7:std::_Sp_counted_base<_Lp>::~_Sp_counted_base() [with __gnu_cxx::_Lock_policy _Lp = __gnu_cxx::_S_single]	16	static
F:/Local Repositories/Remora-STM32CubeIDE/Remora-STM32H7xx/Core/Src/lib/ArduinoJson7/ArduinoJson/Object/ObjectData.hpp:24:23:static ArduinoJson::V730HB22::detail::VariantData* ArduinoJson::V730HB22::detail::ObjectData::getMember(const ArduinoJson::V730HB22::detail::ObjectData*, TAdaptedString, const ArduinoJson::V730HB22::detail::ResourceManager*) [with TAdaptedString = ArduinoJson::V730HB22::detail::RamString]	32	static
F:/Local Repositories/Remora-STM32CubeIDE/Remora-STM32H7xx/Core/Src/lib/ArduinoJson7/ArduinoJson/Object/MemberProxy.hpp:28:3:ArduinoJson::V730HB22::detail::MemberProxy< <template-parameter-1-1>, <template-parameter-1-2> >::MemberProxy(TUpstream, AdaptedString) [with TUpstream = ArduinoJson::V730HB22::JsonObject; AdaptedString = ArduinoJson::V730HB22::detail::RamString]	24	static
F:/Local Repositories/Remora-STM32CubeIDE/Remora-STM32H7xx/Core/Src/lib/ArduinoJson7/ArduinoJson/Memory/MemoryPool.hpp:74:6:T* ArduinoJson::V730HB22::detail::MemoryPool<T>::getSlot(ArduinoJson::V730HB22::detail::SlotId) const [with T = ArduinoJson::V730HB22::detail::ResourceManager::SlotData]	16	static
F:/Local Repositories/Remora-STM32CubeIDE/Remora-STM32H7xx/Core/Src/lib/ArduinoJson7/ArduinoJson/Numbers/FloatTraits.hpp:32:21:static ArduinoJson::V730HB22::detail::pgm_ptr<T> ArduinoJson::V730HB22::detail::FloatTraits<T, 8>::positiveBinaryPowersOfTen() [with T = double]	16	static
F:/Local Repositories/Remora-STM32CubeIDE/Remora-STM32H7xx/Core/Src/lib/ArduinoJson7/ArduinoJson/Polyfills/pgmspace_generic.hpp:59:5:T ArduinoJson::V730HB22::detail::pgm_ptr<T>::operator[](intptr_t) const [with T = double]	16	static
F:/Local Repositories/Remora-STM32CubeIDE/Remora-STM32H7xx/Core/Src/lib/ArduinoJson7/ArduinoJson/Numbers/FloatTraits.hpp:49:21:static ArduinoJson::V730HB22::detail::pgm_ptr<T> ArduinoJson::V730HB22::detail::FloatTraits<T, 8>::negativeBinaryPowersOfTen() [with T = double]	16	static
F:/Local Repositories/Remora-STM32CubeIDE/Remora-STM32H7xx/Core/Src/lib/ArduinoJson7/ArduinoJson/Numbers/FloatTraits.hpp:101:12:static T ArduinoJson::V730HB22::detail::FloatTraits<T, 8>::forge(uint64_t) [with T = double]	16	static
F:/Local Repositories/Remora-STM32CubeIDE/Remora-STM32H7xx/Core/Src/lib/ArduinoJson7/ArduinoJson/Numbers/FloatTraits.hpp:116:21:static ArduinoJson::V730HB22::detail::pgm_ptr<T> ArduinoJson::V730HB22::detail::FloatTraits<T, 4>::positiveBinaryPowersOfTen() [with T = float]	16	static
F:/Local Repositories/Remora-STM32CubeIDE/Remora-STM32H7xx/Core/Src/lib/ArduinoJson7/ArduinoJson/Numbers/FloatTraits.hpp:129:21:static ArduinoJson::V730HB22::detail::pgm_ptr<T> ArduinoJson::V730HB22::detail::FloatTraits<T, 4>::negativeBinaryPowersOfTen() [with T = float]	16	static
F:/Local Repositories/Remora-STM32CubeIDE/Remora-STM32H7xx/Core/Src/lib/ArduinoJson7/ArduinoJson/Polyfills/pgmspace_generic.hpp:59:5:T ArduinoJson::V730HB22::detail::pgm_ptr<T>::operator[](intptr_t) const [with T = float]	16	static
C:\ST\STM32CubeIDE_1.16.1\STM32CubeIDE\plugins\com.st.stm32cube.ide.mcu.externaltools.gnu-tools-for-stm32.12.3.rel1.win32_1.0.200.202406191623\tools\bin/../lib/gcc/arm-none-eabi/12.3.1/../../../../arm-none-eabi/include/c++/12.3.1/bits/unique_ptr.h:191:18:std::__uniq_ptr_impl<_Tp, _Dp>::pointer std::__uniq_ptr_impl<_Tp, _Dp>::_M_ptr() const [with _Tp = pruThread; _Dp = std::default_delete<pruThread>]	16	static
F:/Local Repositories/Remora-STM32CubeIDE/Remora-STM32H7xx/Core/Src/lib/ArduinoJson7/ArduinoJson/Strings/StringAdapter.hpp:33:24:ArduinoJson::V730HB22::detail::AdaptedString<TString> ArduinoJson::V730HB22::detail::adaptString(TString&&) [with TString = const char (&)[8]]	16	static
../Core/Src/modules/tmc/../../lib/ArduinoJson7/ArduinoJson/Variant/VariantRefBaseImpl.hpp:20:10:T ArduinoJson::V730HB22::detail::VariantRefBase<TDerived>::as() const [with T = const char*; TDerived = ArduinoJson::V730HB22::detail::MemberProxy<ArduinoJson::V730HB22::JsonObject, ArduinoJson::V730HB22::detail::RamString>]	40	static
F:/Local Repositories/Remora-STM32CubeIDE/Remora-STM32H7xx/Core/Src/lib/ArduinoJson7/ArduinoJson/Strings/StringAdapter.hpp:33:24:ArduinoJson::V730HB22::detail::AdaptedString<TString> ArduinoJson::V730HB22::detail::adaptString(TString&&) [with TString = const char (&)[7]]	16	static
../Core/Src/modules/tmc/../../lib/ArduinoJson7/ArduinoJson/Variant/VariantRefBaseImpl.hpp:20:10:T ArduinoJson::V730HB22::detail::VariantRefBase<TDerived>::as() const [with T = float; TDerived = ArduinoJson::V730HB22::detail::MemberProxy<ArduinoJson::V730HB22::JsonObject, ArduinoJson::V730HB22::detail::RamString>]	40	static
../Core/Src/modules/tmc/../../lib/ArduinoJson7/ArduinoJson/Variant/VariantRefBaseImpl.hpp:20:10:T ArduinoJson::V730HB22::detail::VariantRefBase<TDerived>::as() const [with T = unsigned char; TDerived = ArduinoJson::V730HB22::detail::MemberProxy<ArduinoJson::V730HB22::JsonObject, ArduinoJson::V730HB22::detail::RamString>]	40	static
../Core/Src/modules/tmc/../../lib/ArduinoJson7/ArduinoJson/Variant/VariantRefBaseImpl.hpp:20:10:T ArduinoJson::V730HB22::detail::VariantRefBase<TDerived>::as() const [with T = short unsigned int; TDerived = ArduinoJson::V730HB22::detail::MemberProxy<ArduinoJson::V730HB22::JsonObject, ArduinoJson::V730HB22::detail::RamString>]	40	static
F:/Local Repositories/Remora-STM32CubeIDE/Remora-STM32H7xx/Core/Src/lib/ArduinoJson7/ArduinoJson/Strings/StringAdapter.hpp:33:24:ArduinoJson::V730HB22::detail::AdaptedString<TString> ArduinoJson::V730HB22::detail::adaptString(TString&&) [with TString = const char (&)[11]]	16	static
F:/Local Repositories/Remora-STM32CubeIDE/Remora-STM32H7xx/Core/Src/lib/ArduinoJson7/ArduinoJson/Strings/StringAdapter.hpp:33:24:ArduinoJson::V730HB22::detail::AdaptedString<TString> ArduinoJson::V730HB22::detail::adaptString(TString&&) [with TString = const char (&)[13]]	16	static
F:/Local Repositories/Remora-STM32CubeIDE/Remora-STM32H7xx/Core/Src/lib/ArduinoJson7/ArduinoJson/Strings/StringAdapter.hpp:33:24:ArduinoJson::V730HB22::detail::AdaptedString<TString> ArduinoJson::V730HB22::detail::adaptString(TString&&) [with TString = const char (&)[18]]	16	static
C:\ST\STM32CubeIDE_1.16.1\STM32CubeIDE\plugins\com.st.stm32cube.ide.mcu.externaltools.gnu-tools-for-stm32.12.3.rel1.win32_1.0.200.202406191623\tools\bin/../lib/gcc/arm-none-eabi/12.3.1/../../../../arm-none-eabi/include/c++/12.3.1/bits/move.h:77:5:constexpr _Tp&& std::forward(typename remove_reference<_Tp>::type&) [with _Tp = const char*&]	16	static
C:\ST\STM32CubeIDE_1.16.1\STM32CubeIDE\plugins\com.st.stm32cube.ide.mcu.externaltools.gnu-tools-for-stm32.12.3.rel1.win32_1.0.200.202406191623\tools\bin/../lib/gcc/arm-none-eabi/12.3.1/../../../../arm-none-eabi/include/c++/12.3.1/bits/move.h:77:5:constexpr _Tp&& std::forward(typename remove_reference<_Tp>::type&) [with _Tp = float&]	16	static
C:\ST\STM32CubeIDE_1.16.1\STM32CubeIDE\plugins\com.st.stm32cube.ide.mcu.externaltools.gnu-tools-for-stm32.12.3.rel1.win32_1.0.200.202406191623\tools\bin/../lib/gcc/arm-none-eabi/12.3.1/../../../../arm-none-eabi/include/c++/12.3.1/bits/move.h:77:5:constexpr _Tp&& std::forward(typename remove_reference<_Tp>::type&) [with _Tp = short unsigned int&]	16	static
C:\ST\STM32CubeIDE_1.16.1\STM32CubeIDE\plugins\com.st.stm32cube.ide.mcu.externaltools.gnu-tools-for-stm32.12.3.rel1.win32_1.0.200.202406191623\tools\bin/../lib/gcc/arm-none-eabi/12.3.1/../../../../arm-none-eabi/include/c++/12.3.1/bits/move.h:77:5:constexpr _Tp&& std::forward(typename remove_reference<_Tp>::type&) [with _Tp = bool&]	16	static
C:\ST\STM32CubeIDE_1.16.1\STM32CubeIDE\plugins\com.st.stm32cube.ide.mcu.externaltools.gnu-tools-for-stm32.12.3.rel1.win32_1.0.200.202406191623\tools\bin/../lib/gcc/arm-none-eabi/12.3.1/../../../../arm-none-eabi/include/c++/12.3.1/bits/shared_ptr.h:463:2:) [with _Alloc = std::allocator<void>; _Args = {const char*&, float&, short unsigned int&, short unsigned int&, bool&}; _Tp = TMC2208]	64	static
C:\ST\STM32CubeIDE_1.16.1\STM32CubeIDE\plugins\com.st.stm32cube.ide.mcu.externaltools.gnu-tools-for-stm32.12.3.rel1.win32_1.0.200.202406191623\tools\arm-none-eabi\include\c++\12.3.1\bits\shared_ptr_base.h:1527:2:std::__shared_ptr<_Tp, _Lp>::__shared_ptr(const std::__shared_ptr<_Yp, _Lp>&) [with _Yp = TMC2208; <template-parameter-2-2> = void; _Tp = Module; __gnu_cxx::_Lock_policy _Lp = __gnu_cxx::_S_single]	16	static
C:\ST\STM32CubeIDE_1.16.1\STM32CubeIDE\plugins\com.st.stm32cube.ide.mcu.externaltools.gnu-tools-for-stm32.12.3.rel1.win32_1.0.200.202406191623\tools\arm-none-eabi\include\c++\12.3.1\bits\shared_ptr_base.h:1362:7:std::__shared_ptr_access<_Tp, _Lp, <anonymous>, <anonymous> >::element_type* std::__shared_ptr_access<_Tp, _Lp, <anonymous>, <anonymous> >::_M_get() const [with _Tp = TMC2208; __gnu_cxx::_Lock_policy _Lp = __gnu_cxx::_S_single; bool <anonymous> = false; bool <anonymous> = false]	16	static
C:\ST\STM32CubeIDE_1.16.1\STM32CubeIDE\plugins\com.st.stm32cube.ide.mcu.externaltools.gnu-tools-for-stm32.12.3.rel1.win32_1.0.200.202406191623\tools\arm-none-eabi\include\c++\12.3.1\bits\stl_iterator_base_funcs.h:147:5:constexpr typename std::iterator_traits< <template-parameter-1-1> >::difference_type std::distance(_InputIterator, _InputIterator) [with _InputIterator = const char*]	24	static
../Core/Src/modules/tmc/../../lib/ArduinoJson7/ArduinoJson/Object/ObjectImpl.hpp:14:21:ArduinoJson::V730HB22::detail::VariantData* ArduinoJson::V730HB22::detail::ObjectData::getMember(TAdaptedString, const ArduinoJson::V730HB22::detail::ResourceManager*) const [with TAdaptedString = ArduinoJson::V730HB22::detail::RamString]	40	static
F:/Local Repositories/Remora-STM32CubeIDE/Remora-STM32H7xx/Core/Src/lib/ArduinoJson7/ArduinoJson/Polyfills/pgmspace_generic.hpp:57:12:ArduinoJson::V730HB22::detail::pgm_ptr<T>::pgm_ptr(const T*) [with T = double]	16	static
F:/Local Repositories/Remora-STM32CubeIDE/Remora-STM32H7xx/Core/Src/lib/ArduinoJson7/ArduinoJson/Polyfills/pgmspace_generic.hpp:48:10:T ArduinoJson::V730HB22::detail::pgm_read(const T*) [with T = double]	16	static
F:/Local Repositories/Remora-STM32CubeIDE/Remora-STM32H7xx/Core/Src/lib/ArduinoJson7/ArduinoJson/Strings/StringAdapters.hpp:44:1:ArduinoJson::V730HB22::detail::enable_if_t<(TAdaptedString1::typeSortKey <= TAdaptedString2::typeSortKey), bool> ArduinoJson::V730HB22::detail::stringEquals(TAdaptedString1, TAdaptedString2) [with TAdaptedString1 = RamString; TAdaptedString2 = RamString]	48	static
F:/Local Repositories/Remora-STM32CubeIDE/Remora-STM32H7xx/Core/Src/lib/ArduinoJson7/ArduinoJson/Polyfills/alias_cast.hpp:24:3:T ArduinoJson::V730HB22::detail::alias_cast(F) [with T = double; F = long long unsigned int]	24	static
F:/Local Repositories/Remora-STM32CubeIDE/Remora-STM32H7xx/Core/Src/lib/ArduinoJson7/ArduinoJson/Polyfills/pgmspace_generic.hpp:57:12:ArduinoJson::V730HB22::detail::pgm_ptr<T>::pgm_ptr(const T*) [with T = float]	16	static
F:/Local Repositories/Remora-STM32CubeIDE/Remora-STM32H7xx/Core/Src/lib/ArduinoJson7/ArduinoJson/Polyfills/pgmspace_generic.hpp:48:10:T ArduinoJson::V730HB22::detail::pgm_read(const T*) [with T = float]	16	static
C:\ST\STM32CubeIDE_1.16.1\STM32CubeIDE\plugins\com.st.stm32cube.ide.mcu.externaltools.gnu-tools-for-stm32.12.3.rel1.win32_1.0.200.202406191623\tools\bin/../lib/gcc/arm-none-eabi/12.3.1/../../../../arm-none-eabi/include/c++/12.3.1/tuple:1386:5:>&) [with unsigned int __i = 0; _Elements = {pruThread*, default_delete<pruThread>}]	16	static
F:/Local Repositories/Remora-STM32CubeIDE/Remora-STM32H7xx/Core/Src/lib/ArduinoJson7/ArduinoJson/Polyfills/utility.hpp:14:5:T&& ArduinoJson::V730HB22::detail::forward(remove_reference_t<T>&) [with T = const char (&)[8]]	16	static
F:/Local Repositories/Remora-STM32CubeIDE/Remora-STM32H7xx/Core/Src/lib/ArduinoJson7/ArduinoJson/Strings/Adapters/RamString.hpp:83:24:static ArduinoJson::V730HB22::detail::StringAdapter<const char (&)[N]>::AdaptedString ArduinoJson::V730HB22::detail::StringAdapter<const char (&)[N]>::adapt(const char (&)[N]) [with unsigned int N = 8]	16	static
F:/Local Repositories/Remora-STM32CubeIDE/Remora-STM32H7xx/Core/Src/lib/ArduinoJson7/ArduinoJson/Polyfills/utility.hpp:14:5:T&& ArduinoJson::V730HB22::detail::forward(remove_reference_t<T>&) [with T = const char (&)[7]]	16	static
F:/Local Repositories/Remora-STM32CubeIDE/Remora-STM32H7xx/Core/Src/lib/ArduinoJson7/ArduinoJson/Strings/Adapters/RamString.hpp:83:24:static ArduinoJson::V730HB22::detail::StringAdapter<const char (&)[N]>::AdaptedString ArduinoJson::V730HB22::detail::StringAdapter<const char (&)[N]>::adapt(const char (&)[N]) [with unsigned int N = 7]	16	static
../Core/Src/modules/tmc/../../lib/ArduinoJson7/ArduinoJson/Variant/ConverterImpl.hpp:142:12:static T ArduinoJson::V730HB22::Converter<T, typename ArduinoJson::V730HB22::detail::enable_if<ArduinoJson::V730HB22::detail::is_floating_point<T>::value, void>::type>::fromJson(ArduinoJson::V730HB22::JsonVariantConst) [with T = float]	24	static
../Core/Src/modules/tmc/../../lib/ArduinoJson7/ArduinoJson/Variant/ConverterImpl.hpp:71:12:static T ArduinoJson::V730HB22::Converter<T, typename ArduinoJson::V730HB22::detail::enable_if<((ArduinoJson::V730HB22::detail::is_integral<T>::value && (! ArduinoJson::V730HB22::detail::is_same<bool, T>::value)) && (! ArduinoJson::V730HB22::detail::is_same<char, T>::value)), void>::type>::fromJson(ArduinoJson::V730HB22::JsonVariantConst) [with T = unsigned char]	24	static
../Core/Src/modules/tmc/../../lib/ArduinoJson7/ArduinoJson/Variant/ConverterImpl.hpp:71:12:static T ArduinoJson::V730HB22::Converter<T, typename ArduinoJson::V730HB22::detail::enable_if<((ArduinoJson::V730HB22::detail::is_integral<T>::value && (! ArduinoJson::V730HB22::detail::is_same<bool, T>::value)) && (! ArduinoJson::V730HB22::detail::is_same<char, T>::value)), void>::type>::fromJson(ArduinoJson::V730HB22::JsonVariantConst) [with T = short unsigned int]	24	static
F:/Local Repositories/Remora-STM32CubeIDE/Remora-STM32H7xx/Core/Src/lib/ArduinoJson7/ArduinoJson/Polyfills/utility.hpp:14:5:T&& ArduinoJson::V730HB22::detail::forward(remove_reference_t<T>&) [with T = const char (&)[11]]	16	static
F:/Local Repositories/Remora-STM32CubeIDE/Remora-STM32H7xx/Core/Src/lib/ArduinoJson7/ArduinoJson/Strings/Adapters/RamString.hpp:83:24:static ArduinoJson::V730HB22::detail::StringAdapter<const char (&)[N]>::AdaptedString ArduinoJson::V730HB22::detail::StringAdapter<const char (&)[N]>::adapt(const char (&)[N]) [with unsigned int N = 11]	16	static
F:/Local Repositories/Remora-STM32CubeIDE/Remora-STM32H7xx/Core/Src/lib/ArduinoJson7/ArduinoJson/Polyfills/utility.hpp:14:5:T&& ArduinoJson::V730HB22::detail::forward(remove_reference_t<T>&) [with T = const char (&)[13]]	16	static
F:/Local Repositories/Remora-STM32CubeIDE/Remora-STM32H7xx/Core/Src/lib/ArduinoJson7/ArduinoJson/Strings/Adapters/RamString.hpp:83:24:static ArduinoJson::V730HB22::detail::StringAdapter<const char (&)[N]>::AdaptedString ArduinoJson::V730HB22::detail::StringAdapter<const char (&)[N]>::adapt(const char (&)[N]) [with unsigned int N = 13]	16	static
F:/Local Repositories/Remora-STM32CubeIDE/Remora-STM32H7xx/Core/Src/lib/ArduinoJson7/ArduinoJson/Polyfills/utility.hpp:14:5:T&& ArduinoJson::V730HB22::detail::forward(remove_reference_t<T>&) [with T = const char (&)[18]]	16	static
F:/Local Repositories/Remora-STM32CubeIDE/Remora-STM32H7xx/Core/Src/lib/ArduinoJson7/ArduinoJson/Strings/Adapters/RamString.hpp:83:24:static ArduinoJson::V730HB22::detail::StringAdapter<const char (&)[N]>::AdaptedString ArduinoJson::V730HB22::detail::StringAdapter<const char (&)[N]>::adapt(const char (&)[N]) [with unsigned int N = 18]	16	static
C:\ST\STM32CubeIDE_1.16.1\STM32CubeIDE\plugins\com.st.stm32cube.ide.mcu.externaltools.gnu-tools-for-stm32.12.3.rel1.win32_1.0.200.202406191623\tools\arm-none-eabi\include\c++\12.3.1\bits\shared_ptr_base.h:1711:2:) [with _Alloc = std::allocator<void>; _Args = {const char*&, float&, short unsigned int&, short unsigned int&, bool&}; _Tp = TMC2208; __gnu_cxx::_Lock_policy _Lp = __gnu_cxx::_S_single]	64	static
C:\ST\STM32CubeIDE_1.16.1\STM32CubeIDE\plugins\com.st.stm32cube.ide.mcu.externaltools.gnu-tools-for-stm32.12.3.rel1.win32_1.0.200.202406191623\tools\arm-none-eabi\include\c++\12.3.1\bits\shared_ptr_base.h:1074:7:std::__shared_count<_Lp>::__shared_count(const std::__shared_count<_Lp>&) [with __gnu_cxx::_Lock_policy _Lp = __gnu_cxx::_S_single]	16	static
C:\ST\STM32CubeIDE_1.16.1\STM32CubeIDE\plugins\com.st.stm32cube.ide.mcu.externaltools.gnu-tools-for-stm32.12.3.rel1.win32_1.0.200.202406191623\tools\arm-none-eabi\include\c++\12.3.1\bits\shared_ptr_base.h:1665:7:std::__shared_ptr<_Tp, _Lp>::element_type* std::__shared_ptr<_Tp, _Lp>::get() const [with _Tp = TMC2208; __gnu_cxx::_Lock_policy _Lp = __gnu_cxx::_S_single]	16	static
C:\ST\STM32CubeIDE_1.16.1\STM32CubeIDE\plugins\com.st.stm32cube.ide.mcu.externaltools.gnu-tools-for-stm32.12.3.rel1.win32_1.0.200.202406191623\tools\arm-none-eabi\include\c++\12.3.1\bits\stl_iterator_base_types.h:238:5:constexpr typename std::iterator_traits< <template-parameter-1-1> >::iterator_category std::__iterator_category(const _Iter&) [with _Iter = const char*]	16	static
C:\ST\STM32CubeIDE_1.16.1\STM32CubeIDE\plugins\com.st.stm32cube.ide.mcu.externaltools.gnu-tools-for-stm32.12.3.rel1.win32_1.0.200.202406191623\tools\arm-none-eabi\include\c++\12.3.1\bits\stl_iterator_base_funcs.h:99:5:constexpr typename std::iterator_traits< <template-parameter-1-1> >::difference_type std::__distance(_RandomAccessIterator, _RandomAccessIterator, random_access_iterator_tag) [with _RandomAccessIterator = const char*]	24	static
../Core/Src/modules/tmc/../../lib/ArduinoJson7/ArduinoJson/Object/ObjectImpl.hpp:33:29:ArduinoJson::V730HB22::detail::CollectionData::iterator ArduinoJson::V730HB22::detail::ObjectData::findKey(TAdaptedString, const ArduinoJson::V730HB22::detail::ResourceManager*) const [with TAdaptedString = ArduinoJson::V730HB22::detail::RamString]	64	static
F:/Local Repositories/Remora-STM32CubeIDE/Remora-STM32H7xx/Core/Src/lib/ArduinoJson7/ArduinoJson/Variant/VariantRefBase.hpp:266:20:ArduinoJson::V730HB22::detail::ResourceManager* ArduinoJson::V730HB22::detail::VariantRefBase<TDerived>::getResourceManager() const [with TDerived = ArduinoJson::V730HB22::detail::MemberProxy<ArduinoJson::V730HB22::JsonObject, ArduinoJson::V730HB22::detail::RamString>]	16	static
C:\ST\STM32CubeIDE_1.16.1\STM32CubeIDE\plugins\com.st.stm32cube.ide.mcu.externaltools.gnu-tools-for-stm32.12.3.rel1.win32_1.0.200.202406191623\tools\bin/../lib/gcc/arm-none-eabi/12.3.1/../../../../arm-none-eabi/include/c++/12.3.1/tuple:1369:5:>&) [with unsigned int __i = 0; _Head = pruThread*; _Tail = {default_delete<pruThread>}]	16	static
F:/Local Repositories/Remora-STM32CubeIDE/Remora-STM32H7xx/Core/Src/lib/ArduinoJson7/ArduinoJson/Variant/VariantData.hpp:181:5:T ArduinoJson::V730HB22::detail::VariantData::asFloat(const ArduinoJson::V730HB22::detail::ResourceManager*) const [with T = float]	24	static
F:/Local Repositories/Remora-STM32CubeIDE/Remora-STM32H7xx/Core/Src/lib/ArduinoJson7/ArduinoJson/Variant/VariantData.hpp:216:5:T ArduinoJson::V730HB22::detail::VariantData::asIntegral(const ArduinoJson::V730HB22::detail::ResourceManager*) const [with T = unsigned char]	24	static
F:/Local Repositories/Remora-STM32CubeIDE/Remora-STM32H7xx/Core/Src/lib/ArduinoJson7/ArduinoJson/Variant/VariantData.hpp:216:5:T ArduinoJson::V730HB22::detail::VariantData::asIntegral(const ArduinoJson::V730HB22::detail::ResourceManager*) const [with T = short unsigned int]	24	static
C:\ST\STM32CubeIDE_1.16.1\STM32CubeIDE\plugins\com.st.stm32cube.ide.mcu.externaltools.gnu-tools-for-stm32.12.3.rel1.win32_1.0.200.202406191623\tools\arm-none-eabi\include\c++\12.3.1\bits\shared_ptr_base.h:964:2:) [with _Tp = TMC2208; _Alloc = std::allocator<void>; _Args = {const char*&, float&, short unsigned int&, short unsigned int&, bool&}; __gnu_cxx::_Lock_policy _Lp = __gnu_cxx::_S_single]	88	static
C:\ST\STM32CubeIDE_1.16.1\STM32CubeIDE\plugins\com.st.stm32cube.ide.mcu.externaltools.gnu-tools-for-stm32.12.3.rel1.win32_1.0.200.202406191623\tools\arm-none-eabi\include\c++\12.3.1\bits\shared_ptr_base.h:1765:2:typename std::enable_if<(! std::__shared_ptr<_Tp, _Lp>::__has_esft_base<_Yp2>::value)>::type std::__shared_ptr<_Tp, _Lp>::_M_enable_shared_from_this_with(_Yp*) [with _Yp = TMC2208; _Yp2 = TMC2208; _Tp = TMC2208; __gnu_cxx::_Lock_policy _Lp = __gnu_cxx::_S_single]	16	static
F:/Local Repositories/Remora-STM32CubeIDE/Remora-STM32H7xx/Core/Src/lib/ArduinoJson7/ArduinoJson/Strings/StringAdapter.hpp:33:24:ArduinoJson::V730HB22::detail::AdaptedString<TString> ArduinoJson::V730HB22::detail::adaptString(TString&&) [with TString = ArduinoJson::V730HB22::JsonString]	16	static
F:/Local Repositories/Remora-STM32CubeIDE/Remora-STM32H7xx/Core/Src/lib/ArduinoJson7/ArduinoJson/Variant/VariantRefBase.hpp:262:19:const TDerived& ArduinoJson::V730HB22::detail::VariantRefBase<TDerived>::derived() const [with TDerived = ArduinoJson::V730HB22::detail::MemberProxy<ArduinoJson::V730HB22::JsonObject, ArduinoJson::V730HB22::detail::RamString>]	16	static
F:/Local Repositories/Remora-STM32CubeIDE/Remora-STM32H7xx/Core/Src/lib/ArduinoJson7/ArduinoJson/Variant/VariantAttorney.hpp:19:15:getResourceManager()) ArduinoJson::V730HB22::detail::VariantAttorney::getResourceManager(TClient&) [with TClient = const ArduinoJson::V730HB22::detail::MemberProxy<ArduinoJson::V730HB22::JsonObject, ArduinoJson::V730HB22::detail::RamString>]	16	static
F:/Local Repositories/Remora-STM32CubeIDE/Remora-STM32H7xx/Core/Src/lib/ArduinoJson7/ArduinoJson/Strings/StringAdapters.hpp:65:13:void ArduinoJson::V730HB22::detail::stringGetChars(TAdaptedString, char*, size_t) [with TAdaptedString = RamString]	40	static
C:\ST\STM32CubeIDE_1.16.1\STM32CubeIDE\plugins\com.st.stm32cube.ide.mcu.externaltools.gnu-tools-for-stm32.12.3.rel1.win32_1.0.200.202406191623\tools\bin/../lib/gcc/arm-none-eabi/12.3.1/../../../../arm-none-eabi/include/c++/12.3.1/tuple:271:7:>&) [with unsigned int _Idx = 0; _Head = pruThread*; _Tail = {std::default_delete<pruThread>}]	16	static
F:/Local Repositories/Remora-STM32CubeIDE/Remora-STM32H7xx/Core/Src/lib/ArduinoJson7/ArduinoJson/Variant/VariantRefBase.hpp:270:16:ArduinoJson::V730HB22::detail::VariantData* ArduinoJson::V730HB22::detail::VariantRefBase<TDerived>::getData() const [with TDerived = ArduinoJson::V730HB22::detail::MemberProxy<ArduinoJson::V730HB22::JsonObject, ArduinoJson::V730HB22::detail::RamString>]	16	static
F:/Local Repositories/Remora-STM32CubeIDE/Remora-STM32H7xx/Core/Src/lib/ArduinoJson7/ArduinoJson/Numbers/parseNumber.hpp:234:10:T ArduinoJson::V730HB22::detail::parseNumber(const char*) [with T = float]	32	static
F:/Local Repositories/Remora-STM32CubeIDE/Remora-STM32H7xx/Core/Src/lib/ArduinoJson7/ArduinoJson/Numbers/convertNumber.hpp:135:6:TOut ArduinoJson::V730HB22::detail::convertNumber(TIn) [with TOut = unsigned char; TIn = long unsigned int]	16	static
F:/Local Repositories/Remora-STM32CubeIDE/Remora-STM32H7xx/Core/Src/lib/ArduinoJson7/ArduinoJson/Numbers/convertNumber.hpp:135:6:TOut ArduinoJson::V730HB22::detail::convertNumber(TIn) [with TOut = unsigned char; TIn = long int]	16	static
F:/Local Repositories/Remora-STM32CubeIDE/Remora-STM32H7xx/Core/Src/lib/ArduinoJson7/ArduinoJson/Numbers/convertNumber.hpp:135:6:TOut ArduinoJson::V730HB22::detail::convertNumber(TIn) [with TOut = unsigned char; TIn = long long unsigned int]	16	static
F:/Local Repositories/Remora-STM32CubeIDE/Remora-STM32H7xx/Core/Src/lib/ArduinoJson7/ArduinoJson/Numbers/convertNumber.hpp:135:6:TOut ArduinoJson::V730HB22::detail::convertNumber(TIn) [with TOut = unsigned char; TIn = long long int]	16	static
F:/Local Repositories/Remora-STM32CubeIDE/Remora-STM32H7xx/Core/Src/lib/ArduinoJson7/ArduinoJson/Numbers/parseNumber.hpp:234:10:T ArduinoJson::V730HB22::detail::parseNumber(const char*) [with T = unsigned char]	32	static
F:/Local Repositories/Remora-STM32CubeIDE/Remora-STM32H7xx/Core/Src/lib/ArduinoJson7/ArduinoJson/Numbers/convertNumber.hpp:135:6:TOut ArduinoJson::V730HB22::detail::convertNumber(TIn) [with TOut = unsigned char; TIn = float]	16	static
F:/Local Repositories/Remora-STM32CubeIDE/Remora-STM32H7xx/Core/Src/lib/ArduinoJson7/ArduinoJson/Numbers/convertNumber.hpp:135:6:TOut ArduinoJson::V730HB22::detail::convertNumber(TIn) [with TOut = unsigned char; TIn = double]	24	static
F:/Local Repositories/Remora-STM32CubeIDE/Remora-STM32H7xx/Core/Src/lib/ArduinoJson7/ArduinoJson/Numbers/convertNumber.hpp:135:6:TOut ArduinoJson::V730HB22::detail::convertNumber(TIn) [with TOut = short unsigned int; TIn = long unsigned int]	16	static
F:/Local Repositories/Remora-STM32CubeIDE/Remora-STM32H7xx/Core/Src/lib/ArduinoJson7/ArduinoJson/Numbers/convertNumber.hpp:135:6:TOut ArduinoJson::V730HB22::detail::convertNumber(TIn) [with TOut = short unsigned int; TIn = long int]	16	static
F:/Local Repositories/Remora-STM32CubeIDE/Remora-STM32H7xx/Core/Src/lib/ArduinoJson7/ArduinoJson/Numbers/convertNumber.hpp:135:6:TOut ArduinoJson::V730HB22::detail::convertNumber(TIn) [with TOut = short unsigned int; TIn = long long unsigned int]	16	static
F:/Local Repositories/Remora-STM32CubeIDE/Remora-STM32H7xx/Core/Src/lib/ArduinoJson7/ArduinoJson/Numbers/convertNumber.hpp:135:6:TOut ArduinoJson::V730HB22::detail::convertNumber(TIn) [with TOut = short unsigned int; TIn = long long int]	16	static
F:/Local Repositories/Remora-STM32CubeIDE/Remora-STM32H7xx/Core/Src/lib/ArduinoJson7/ArduinoJson/Numbers/parseNumber.hpp:234:10:T ArduinoJson::V730HB22::detail::parseNumber(const char*) [with T = short unsigned int]	32	static
F:/Local Repositories/Remora-STM32CubeIDE/Remora-STM32H7xx/Core/Src/lib/ArduinoJson7/ArduinoJson/Numbers/convertNumber.hpp:135:6:TOut ArduinoJson::V730HB22::detail::convertNumber(TIn) [with TOut = short unsigned int; TIn = float]	16	static
F:/Local Repositories/Remora-STM32CubeIDE/Remora-STM32H7xx/Core/Src/lib/ArduinoJson7/ArduinoJson/Numbers/convertNumber.hpp:135:6:TOut ArduinoJson::V730HB22::detail::convertNumber(TIn) [with TOut = short unsigned int; TIn = double]	16	static
C:\ST\STM32CubeIDE_1.16.1\STM32CubeIDE\plugins\com.st.stm32cube.ide.mcu.externaltools.gnu-tools-for-stm32.12.3.rel1.win32_1.0.200.202406191623\tools\bin/../lib/gcc/arm-none-eabi/12.3.1/../../../../arm-none-eabi/include/c++/12.3.1/bits/allocator.h:169:2:std::allocator< <template-parameter-1-1> >::allocator(const std::allocator<_Tp1>&) [with _Tp1 = void; _Tp = std::_Sp_counted_ptr_inplace<TMC2208, std::allocator<void>, __gnu_cxx::_S_single>]	16	static
C:\ST\STM32CubeIDE_1.16.1\STM32CubeIDE\plugins\com.st.stm32cube.ide.mcu.externaltools.gnu-tools-for-stm32.12.3.rel1.win32_1.0.200.202406191623\tools\bin/../lib/gcc/arm-none-eabi/12.3.1/../../../../arm-none-eabi/include/c++/12.3.1/bits/allocator.h:174:7:std::allocator< <template-parameter-1-1> >::~allocator() [with _Tp = std::_Sp_counted_ptr_inplace<TMC2208, std::allocator<void>, __gnu_cxx::_S_single>]	16	static
C:\ST\STM32CubeIDE_1.16.1\STM32CubeIDE\plugins\com.st.stm32cube.ide.mcu.externaltools.gnu-tools-for-stm32.12.3.rel1.win32_1.0.200.202406191623\tools\arm-none-eabi\include\c++\12.3.1\bits\allocated_ptr.h:96:5:std::__allocated_ptr<_Alloc> std::__allocate_guarded(_Alloc&) [with _Alloc = allocator<_Sp_counted_ptr_inplace<TMC2208, allocator<void>, __gnu_cxx::_S_single> >]	16	static
C:\ST\STM32CubeIDE_1.16.1\STM32CubeIDE\plugins\com.st.stm32cube.ide.mcu.externaltools.gnu-tools-for-stm32.12.3.rel1.win32_1.0.200.202406191623\tools\arm-none-eabi\include\c++\12.3.1\bits\allocated_ptr.h:71:7:std::__allocated_ptr<_Alloc>::~__allocated_ptr() [with _Alloc = std::allocator<std::_Sp_counted_ptr_inplace<TMC2208, std::allocator<void>, __gnu_cxx::_S_single> >]	16	static
C:\ST\STM32CubeIDE_1.16.1\STM32CubeIDE\plugins\com.st.stm32cube.ide.mcu.externaltools.gnu-tools-for-stm32.12.3.rel1.win32_1.0.200.202406191623\tools\arm-none-eabi\include\c++\12.3.1\bits\allocated_ptr.h:86:19:std::__allocated_ptr<_Alloc>::value_type* std::__allocated_ptr<_Alloc>::get() [with _Alloc = std::allocator<std::_Sp_counted_ptr_inplace<TMC2208, std::allocator<void>, __gnu_cxx::_S_single> >]	16	static
C:\ST\STM32CubeIDE_1.16.1\STM32CubeIDE\plugins\com.st.stm32cube.ide.mcu.externaltools.gnu-tools-for-stm32.12.3.rel1.win32_1.0.200.202406191623\tools\arm-none-eabi\include\c++\12.3.1\bits\shared_ptr_base.h:599:2:) [with _Args = {const char*&, float&, short unsigned int&, short unsigned int&, bool&}; _Tp = TMC2208; _Alloc = std::allocator<void>; __gnu_cxx::_Lock_policy _Lp = __gnu_cxx::_S_single]	64	static
C:\ST\STM32CubeIDE_1.16.1\STM32CubeIDE\plugins\com.st.stm32cube.ide.mcu.externaltools.gnu-tools-for-stm32.12.3.rel1.win32_1.0.200.202406191623\tools\arm-none-eabi\include\c++\12.3.1\bits\allocated_ptr.h:79:7:std::__allocated_ptr<_Alloc>& std::__allocated_ptr<_Alloc>::operator=(std::nullptr_t) [with _Alloc = std::allocator<std::_Sp_counted_ptr_inplace<TMC2208, std::allocator<void>, __gnu_cxx::_S_single> >]	16	static
C:\ST\STM32CubeIDE_1.16.1\STM32CubeIDE\plugins\com.st.stm32cube.ide.mcu.externaltools.gnu-tools-for-stm32.12.3.rel1.win32_1.0.200.202406191623\tools\arm-none-eabi\include\c++\12.3.1\bits\shared_ptr_base.h:650:12:_Tp* std::_Sp_counted_ptr_inplace<_Tp, _Alloc, _Lp>::_M_ptr() [with _Tp = TMC2208; _Alloc = std::allocator<void>; __gnu_cxx::_Lock_policy _Lp = __gnu_cxx::_S_single]	16	static
F:/Local Repositories/Remora-STM32CubeIDE/Remora-STM32H7xx/Core/Src/lib/ArduinoJson7/ArduinoJson/Polyfills/utility.hpp:14:5:T&& ArduinoJson::V730HB22::detail::forward(remove_reference_t<T>&) [with T = ArduinoJson::V730HB22::JsonString]	16	static
F:/Local Repositories/Remora-STM32CubeIDE/Remora-STM32H7xx/Core/Src/lib/ArduinoJson7/ArduinoJson/Object/MemberProxy.hpp:54:20:ArduinoJson::V730HB22::detail::ResourceManager* ArduinoJson::V730HB22::detail::MemberProxy< <template-parameter-1-1>, <template-parameter-1-2> >::getResourceManager() const [with TUpstream = ArduinoJson::V730HB22::JsonObject; AdaptedString = ArduinoJson::V730HB22::detail::RamString]	16	static
C:\ST\STM32CubeIDE_1.16.1\STM32CubeIDE\plugins\com.st.stm32cube.ide.mcu.externaltools.gnu-tools-for-stm32.12.3.rel1.win32_1.0.200.202406191623\tools\bin/../lib/gcc/arm-none-eabi/12.3.1/../../../../arm-none-eabi/include/c++/12.3.1/tuple:236:7:static constexpr const _Head& std::_Head_base<_Idx, _Head, false>::_M_head(const std::_Head_base<_Idx, _Head, false>&) [with unsigned int _Idx = 0; _Head = pruThread*]	16	static
F:/Local Repositories/Remora-STM32CubeIDE/Remora-STM32H7xx/Core/Src/lib/ArduinoJson7/ArduinoJson/Variant/VariantAttorney.hpp:25:15:getData()) ArduinoJson::V730HB22::detail::VariantAttorney::getData(TClient&) [with TClient = const ArduinoJson::V730HB22::detail::MemberProxy<ArduinoJson::V730HB22::JsonObject, ArduinoJson::V730HB22::detail::RamString>]	16	static
F:/Local Repositories/Remora-STM32CubeIDE/Remora-STM32H7xx/Core/Src/lib/ArduinoJson7/ArduinoJson/Numbers/parseNumber.hpp:61:5:T ArduinoJson::V730HB22::detail::Number::convertTo() const [with T = float]	16	static
F:/Local Repositories/Remora-STM32CubeIDE/Remora-STM32H7xx/Core/Src/lib/ArduinoJson7/ArduinoJson/Numbers/convertNumber.hpp:28:1:ArduinoJson::V730HB22::detail::enable_if_t<(((ArduinoJson::V730HB22::detail::is_integral<TIn>::value && ArduinoJson::V730HB22::detail::is_unsigned<TIn>::value) && ArduinoJson::V730HB22::detail::is_integral<T>::value) && (sizeof (TOut) <= sizeof (TIn))), bool> ArduinoJson::V730HB22::detail::canConvertNumber(TIn) [with TOut = unsigned char; TIn = long unsigned int]	16	static
F:/Local Repositories/Remora-STM32CubeIDE/Remora-STM32H7xx/Core/Src/lib/ArduinoJson7/ArduinoJson/Numbers/convertNumber.hpp:90:1:ArduinoJson::V730HB22::detail::enable_if_t<((((ArduinoJson::V730HB22::detail::is_integral<TIn>::value && ArduinoJson::V730HB22::detail::is_signed<TIn>::value) && ArduinoJson::V730HB22::detail::is_integral<T>::value) && ArduinoJson::V730HB22::detail::is_unsigned<T>::value) && (sizeof (TOut) < sizeof (TIn))), bool> ArduinoJson::V730HB22::detail::canConvertNumber(TIn) [with TOut = unsigned char; TIn = long int]	16	static
F:/Local Repositories/Remora-STM32CubeIDE/Remora-STM32H7xx/Core/Src/lib/ArduinoJson7/ArduinoJson/Numbers/convertNumber.hpp:28:1:ArduinoJson::V730HB22::detail::enable_if_t<(((ArduinoJson::V730HB22::detail::is_integral<TIn>::value && ArduinoJson::V730HB22::detail::is_unsigned<TIn>::value) && ArduinoJson::V730HB22::detail::is_integral<T>::value) && (sizeof (TOut) <= sizeof (TIn))), bool> ArduinoJson::V730HB22::detail::canConvertNumber(TIn) [with TOut = unsigned char; TIn = long long unsigned int]	24	static
F:/Local Repositories/Remora-STM32CubeIDE/Remora-STM32H7xx/Core/Src/lib/ArduinoJson7/ArduinoJson/Numbers/convertNumber.hpp:90:1:ArduinoJson::V730HB22::detail::enable_if_t<((((ArduinoJson::V730HB22::detail::is_integral<TIn>::value && ArduinoJson::V730HB22::detail::is_signed<TIn>::value) && ArduinoJson::V730HB22::detail::is_integral<T>::value) && ArduinoJson::V730HB22::detail::is_unsigned<T>::value) && (sizeof (TOut) < sizeof (TIn))), bool> ArduinoJson::V730HB22::detail::canConvertNumber(TIn) [with TOut = unsigned char; TIn = long long int]	24	static
F:/Local Repositories/Remora-STM32CubeIDE/Remora-STM32H7xx/Core/Src/lib/ArduinoJson7/ArduinoJson/Numbers/parseNumber.hpp:61:5:T ArduinoJson::V730HB22::detail::Number::convertTo() const [with T = unsigned char]	16	static
F:/Local Repositories/Remora-STM32CubeIDE/Remora-STM32H7xx/Core/Src/lib/ArduinoJson7/ArduinoJson/Polyfills/limits.hpp:22:22:static constexpr T ArduinoJson::V730HB22::detail::numeric_limits<T, typename ArduinoJson::V730HB22::detail::enable_if<ArduinoJson::V730HB22::detail::is_unsigned<T>::value, void>::type>::lowest() [with T = unsigned char]	4	static
F:/Local Repositories/Remora-STM32CubeIDE/Remora-STM32H7xx/Core/Src/lib/ArduinoJson7/ArduinoJson/Polyfills/limits.hpp:25:22:static constexpr T ArduinoJson::V730HB22::detail::numeric_limits<T, typename ArduinoJson::V730HB22::detail::enable_if<ArduinoJson::V730HB22::detail::is_unsigned<T>::value, void>::type>::highest() [with T = unsigned char]	4	static
F:/Local Repositories/Remora-STM32CubeIDE/Remora-STM32H7xx/Core/Src/lib/ArduinoJson7/ArduinoJson/Numbers/convertNumber.hpp:102:1:ArduinoJson::V730HB22::detail::enable_if_t<((ArduinoJson::V730HB22::detail::is_floating_point<TIn>::value && ArduinoJson::V730HB22::detail::is_integral<T>::value) && (sizeof (TOut) < sizeof (TIn))), bool> ArduinoJson::V730HB22::detail::canConvertNumber(TIn) [with TOut = unsigned char; TIn = float]	16	static
F:/Local Repositories/Remora-STM32CubeIDE/Remora-STM32H7xx/Core/Src/lib/ArduinoJson7/ArduinoJson/Numbers/convertNumber.hpp:102:1:ArduinoJson::V730HB22::detail::enable_if_t<((ArduinoJson::V730HB22::detail::is_floating_point<TIn>::value && ArduinoJson::V730HB22::detail::is_integral<T>::value) && (sizeof (TOut) < sizeof (TIn))), bool> ArduinoJson::V730HB22::detail::canConvertNumber(TIn) [with TOut = unsigned char; TIn = double]	16	static
F:/Local Repositories/Remora-STM32CubeIDE/Remora-STM32H7xx/Core/Src/lib/ArduinoJson7/ArduinoJson/Numbers/convertNumber.hpp:28:1:ArduinoJson::V730HB22::detail::enable_if_t<(((ArduinoJson::V730HB22::detail::is_integral<TIn>::value && ArduinoJson::V730HB22::detail::is_unsigned<TIn>::value) && ArduinoJson::V730HB22::detail::is_integral<T>::value) && (sizeof (TOut) <= sizeof (TIn))), bool> ArduinoJson::V730HB22::detail::canConvertNumber(TIn) [with TOut = short unsigned int; TIn = long unsigned int]	16	static
F:/Local Repositories/Remora-STM32CubeIDE/Remora-STM32H7xx/Core/Src/lib/ArduinoJson7/ArduinoJson/Numbers/convertNumber.hpp:90:1:ArduinoJson::V730HB22::detail::enable_if_t<((((ArduinoJson::V730HB22::detail::is_integral<TIn>::value && ArduinoJson::V730HB22::detail::is_signed<TIn>::value) && ArduinoJson::V730HB22::detail::is_integral<T>::value) && ArduinoJson::V730HB22::detail::is_unsigned<T>::value) && (sizeof (TOut) < sizeof (TIn))), bool> ArduinoJson::V730HB22::detail::canConvertNumber(TIn) [with TOut = short unsigned int; TIn = long int]	16	static
F:/Local Repositories/Remora-STM32CubeIDE/Remora-STM32H7xx/Core/Src/lib/ArduinoJson7/ArduinoJson/Numbers/convertNumber.hpp:28:1:ArduinoJson::V730HB22::detail::enable_if_t<(((ArduinoJson::V730HB22::detail::is_integral<TIn>::value && ArduinoJson::V730HB22::detail::is_unsigned<TIn>::value) && ArduinoJson::V730HB22::detail::is_integral<T>::value) && (sizeof (TOut) <= sizeof (TIn))), bool> ArduinoJson::V730HB22::detail::canConvertNumber(TIn) [with TOut = short unsigned int; TIn = long long unsigned int]	24	static
F:/Local Repositories/Remora-STM32CubeIDE/Remora-STM32H7xx/Core/Src/lib/ArduinoJson7/ArduinoJson/Numbers/convertNumber.hpp:90:1:ArduinoJson::V730HB22::detail::enable_if_t<((((ArduinoJson::V730HB22::detail::is_integral<TIn>::value && ArduinoJson::V730HB22::detail::is_signed<TIn>::value) && ArduinoJson::V730HB22::detail::is_integral<T>::value) && ArduinoJson::V730HB22::detail::is_unsigned<T>::value) && (sizeof (TOut) < sizeof (TIn))), bool> ArduinoJson::V730HB22::detail::canConvertNumber(TIn) [with TOut = short unsigned int; TIn = long long int]	24	static
F:/Local Repositories/Remora-STM32CubeIDE/Remora-STM32H7xx/Core/Src/lib/ArduinoJson7/ArduinoJson/Numbers/parseNumber.hpp:61:5:T ArduinoJson::V730HB22::detail::Number::convertTo() const [with T = short unsigned int]	16	static
F:/Local Repositories/Remora-STM32CubeIDE/Remora-STM32H7xx/Core/Src/lib/ArduinoJson7/ArduinoJson/Polyfills/limits.hpp:22:22:static constexpr T ArduinoJson::V730HB22::detail::numeric_limits<T, typename ArduinoJson::V730HB22::detail::enable_if<ArduinoJson::V730HB22::detail::is_unsigned<T>::value, void>::type>::lowest() [with T = short unsigned int]	4	static
F:/Local Repositories/Remora-STM32CubeIDE/Remora-STM32H7xx/Core/Src/lib/ArduinoJson7/ArduinoJson/Numbers/convertNumber.hpp:102:1:ArduinoJson::V730HB22::detail::enable_if_t<((ArduinoJson::V730HB22::detail::is_floating_point<TIn>::value && ArduinoJson::V730HB22::detail::is_integral<T>::value) && (sizeof (TOut) < sizeof (TIn))), bool> ArduinoJson::V730HB22::detail::canConvertNumber(TIn) [with TOut = short unsigned int; TIn = float]	16	static
F:/Local Repositories/Remora-STM32CubeIDE/Remora-STM32H7xx/Core/Src/lib/ArduinoJson7/ArduinoJson/Numbers/convertNumber.hpp:102:1:ArduinoJson::V730HB22::detail::enable_if_t<((ArduinoJson::V730HB22::detail::is_floating_point<TIn>::value && ArduinoJson::V730HB22::detail::is_integral<T>::value) && (sizeof (TOut) < sizeof (TIn))), bool> ArduinoJson::V730HB22::detail::canConvertNumber(TIn) [with TOut = short unsigned int; TIn = double]	16	static
C:\ST\STM32CubeIDE_1.16.1\STM32CubeIDE\plugins\com.st.stm32cube.ide.mcu.externaltools.gnu-tools-for-stm32.12.3.rel1.win32_1.0.200.202406191623\tools\arm-none-eabi\include\c++\12.3.1\bits\new_allocator.h:80:7:std::__new_allocator<_Tp>::__new_allocator() [with _Tp = std::_Sp_counted_ptr_inplace<TMC2208, std::allocator<void>, __gnu_cxx::_S_single>]	16	static
C:\ST\STM32CubeIDE_1.16.1\STM32CubeIDE\plugins\com.st.stm32cube.ide.mcu.externaltools.gnu-tools-for-stm32.12.3.rel1.win32_1.0.200.202406191623\tools\arm-none-eabi\include\c++\12.3.1\bits\new_allocator.h:90:7:std::__new_allocator<_Tp>::~__new_allocator() [with _Tp = std::_Sp_counted_ptr_inplace<TMC2208, std::allocator<void>, __gnu_cxx::_S_single>]	16	static
C:\ST\STM32CubeIDE_1.16.1\STM32CubeIDE\plugins\com.st.stm32cube.ide.mcu.externaltools.gnu-tools-for-stm32.12.3.rel1.win32_1.0.200.202406191623\tools\arm-none-eabi\include\c++\12.3.1\bits\alloc_traits.h:463:7:static _Tp* std::allocator_traits<std::allocator<_CharT> >::allocate(allocator_type&, size_type) [with _Tp = std::_Sp_counted_ptr_inplace<TMC2208, std::allocator<void>, __gnu_cxx::_S_single>]	16	static
C:\ST\STM32CubeIDE_1.16.1\STM32CubeIDE\plugins\com.st.stm32cube.ide.mcu.externaltools.gnu-tools-for-stm32.12.3.rel1.win32_1.0.200.202406191623\tools\arm-none-eabi\include\c++\12.3.1\bits\allocated_ptr.h:53:7:std::__allocated_ptr<_Alloc>::__allocated_ptr(_Alloc&, pointer) [with _Alloc = std::allocator<std::_Sp_counted_ptr_inplace<TMC2208, std::allocator<void>, __gnu_cxx::_S_single> >]	24	static
C:\ST\STM32CubeIDE_1.16.1\STM32CubeIDE\plugins\com.st.stm32cube.ide.mcu.externaltools.gnu-tools-for-stm32.12.3.rel1.win32_1.0.200.202406191623\tools\arm-none-eabi\include\c++\12.3.1\bits\alloc_traits.h:495:7:static void std::allocator_traits<std::allocator<_CharT> >::deallocate(allocator_type&, pointer, size_type) [with _Tp = std::_Sp_counted_ptr_inplace<TMC2208, std::allocator<void>, __gnu_cxx::_S_single>]	24	static
C:\ST\STM32CubeIDE_1.16.1\STM32CubeIDE\plugins\com.st.stm32cube.ide.mcu.externaltools.gnu-tools-for-stm32.12.3.rel1.win32_1.0.200.202406191623\tools\bin/../lib/gcc/arm-none-eabi/12.3.1/../../../../arm-none-eabi/include/c++/12.3.1/bits/ptr_traits.h:228:5:constexpr _Tp* std::__to_address(_Tp*) [with _Tp = _Sp_counted_ptr_inplace<TMC2208, allocator<void>, __gnu_cxx::_S_single>]	16	static
C:\ST\STM32CubeIDE_1.16.1\STM32CubeIDE\plugins\com.st.stm32cube.ide.mcu.externaltools.gnu-tools-for-stm32.12.3.rel1.win32_1.0.200.202406191623\tools\arm-none-eabi\include\c++\12.3.1\bits\shared_ptr_base.h:129:7:std::_Sp_counted_base<_Lp>::_Sp_counted_base() [with __gnu_cxx::_Lock_policy _Lp = __gnu_cxx::_S_single]	16	static
C:\ST\STM32CubeIDE_1.16.1\STM32CubeIDE\plugins\com.st.stm32cube.ide.mcu.externaltools.gnu-tools-for-stm32.12.3.rel1.win32_1.0.200.202406191623\tools\arm-none-eabi\include\c++\12.3.1\bits\shared_ptr_base.h:587:11:std::_Sp_counted_ptr_inplace<_Tp, _Alloc, _Lp>::_Impl::_Impl(_Alloc) [with _Tp = TMC2208; _Alloc = std::allocator<void>; __gnu_cxx::_Lock_policy _Lp = __gnu_cxx::_S_single]	16	static
C:\ST\STM32CubeIDE_1.16.1\STM32CubeIDE\plugins\com.st.stm32cube.ide.mcu.externaltools.gnu-tools-for-stm32.12.3.rel1.win32_1.0.200.202406191623\tools\arm-none-eabi\include\c++\12.3.1\bits\alloc_traits.h:633:2:) [with _Up = TMC2208; _Args = {const char*&, float&, short unsigned int&, short unsigned int&, bool&}]	48	static
C:\ST\STM32CubeIDE_1.16.1\STM32CubeIDE\plugins\com.st.stm32cube.ide.mcu.externaltools.gnu-tools-for-stm32.12.3.rel1.win32_1.0.200.202406191623\tools\arm-none-eabi\include\c++\12.3.1\ext\aligned_buffer.h:114:7:_Tp* __gnu_cxx::__aligned_buffer<_Tp>::_M_ptr() [with _Tp = TMC2208]	16	static
F:/Local Repositories/Remora-STM32CubeIDE/Remora-STM32H7xx/Core/Src/lib/ArduinoJson7/ArduinoJson/Variant/VariantAttorney.hpp:19:15:getResourceManager()) ArduinoJson::V730HB22::detail::VariantAttorney::getResourceManager(TClient&) [with TClient = const ArduinoJson::V730HB22::JsonObject]	16	static
F:/Local Repositories/Remora-STM32CubeIDE/Remora-STM32H7xx/Core/Src/lib/ArduinoJson7/ArduinoJson/Object/MemberProxy.hpp:58:16:ArduinoJson::V730HB22::detail::VariantData* ArduinoJson::V730HB22::detail::MemberProxy< <template-parameter-1-1>, <template-parameter-1-2> >::getData() const [with TUpstream = ArduinoJson::V730HB22::JsonObject; AdaptedString = ArduinoJson::V730HB22::detail::RamString]	32	static
F:/Local Repositories/Remora-STM32CubeIDE/Remora-STM32H7xx/Core/Src/lib/ArduinoJson7/ArduinoJson/Numbers/convertNumber.hpp:135:6:TOut ArduinoJson::V730HB22::detail::convertNumber(TIn) [with TOut = float; TIn = float]	16	static
F:/Local Repositories/Remora-STM32CubeIDE/Remora-STM32H7xx/Core/Src/lib/ArduinoJson7/ArduinoJson/Numbers/convertNumber.hpp:135:6:TOut ArduinoJson::V730HB22::detail::convertNumber(TIn) [with TOut = float; TIn = long long int]	16	static
F:/Local Repositories/Remora-STM32CubeIDE/Remora-STM32H7xx/Core/Src/lib/ArduinoJson7/ArduinoJson/Numbers/convertNumber.hpp:135:6:TOut ArduinoJson::V730HB22::detail::convertNumber(TIn) [with TOut = float; TIn = long long unsigned int]	16	static
F:/Local Repositories/Remora-STM32CubeIDE/Remora-STM32H7xx/Core/Src/lib/ArduinoJson7/ArduinoJson/Numbers/convertNumber.hpp:135:6:TOut ArduinoJson::V730HB22::detail::convertNumber(TIn) [with TOut = float; TIn = double]	16	static
C:\ST\STM32CubeIDE_1.16.1\STM32CubeIDE\plugins\com.st.stm32cube.ide.mcu.externaltools.gnu-tools-for-stm32.12.3.rel1.win32_1.0.200.202406191623\tools\arm-none-eabi\include\c++\12.3.1\bits\new_allocator.h:112:7:_Tp* std::__new_allocator<_Tp>::allocate(size_type, const void*) [with _Tp = std::_Sp_counted_ptr_inplace<TMC2208, std::allocator<void>, __gnu_cxx::_S_single>]	24	static
C:\ST\STM32CubeIDE_1.16.1\STM32CubeIDE\plugins\com.st.stm32cube.ide.mcu.externaltools.gnu-tools-for-stm32.12.3.rel1.win32_1.0.200.202406191623\tools\bin/../lib/gcc/arm-none-eabi/12.3.1/../../../../arm-none-eabi/include/c++/12.3.1/bits/move.h:49:5:constexpr _Tp* std::__addressof(_Tp&) [with _Tp = allocator<_Sp_counted_ptr_inplace<TMC2208, allocator<void>, __gnu_cxx::_S_single> >]	16	static
C:\ST\STM32CubeIDE_1.16.1\STM32CubeIDE\plugins\com.st.stm32cube.ide.mcu.externaltools.gnu-tools-for-stm32.12.3.rel1.win32_1.0.200.202406191623\tools\arm-none-eabi\include\c++\12.3.1\bits\new_allocator.h:142:7:void std::__new_allocator<_Tp>::deallocate(_Tp*, size_type) [with _Tp = std::_Sp_counted_ptr_inplace<TMC2208, std::allocator<void>, __gnu_cxx::_S_single>]	24	static
C:\ST\STM32CubeIDE_1.16.1\STM32CubeIDE\plugins\com.st.stm32cube.ide.mcu.externaltools.gnu-tools-for-stm32.12.3.rel1.win32_1.0.200.202406191623\tools\arm-none-eabi\include\c++\12.3.1\bits\shared_ptr_base.h:470:16:std::_Sp_ebo_helper<_Nm, _Tp, true>::_Sp_ebo_helper(const _Tp&) [with int _Nm = 0; _Tp = std::allocator<void>]	16	static
C:\ST\STM32CubeIDE_1.16.1\STM32CubeIDE\plugins\com.st.stm32cube.ide.mcu.externaltools.gnu-tools-for-stm32.12.3.rel1.win32_1.0.200.202406191623\tools\arm-none-eabi\include\c++\12.3.1\bits\stl_construct.h:109:5:) [with _Tp = TMC2208; _Args = {const char*&, float&, short unsigned int&, short unsigned int&, bool&}]	88	static
C:\ST\STM32CubeIDE_1.16.1\STM32CubeIDE\plugins\com.st.stm32cube.ide.mcu.externaltools.gnu-tools-for-stm32.12.3.rel1.win32_1.0.200.202406191623\tools\arm-none-eabi\include\c++\12.3.1\ext\aligned_buffer.h:102:7:void* __gnu_cxx::__aligned_buffer<_Tp>::_M_addr() [with _Tp = TMC2208]	16	static
F:/Local Repositories/Remora-STM32CubeIDE/Remora-STM32H7xx/Core/Src/lib/ArduinoJson7/ArduinoJson/Variant/VariantAttorney.hpp:25:15:getData()) ArduinoJson::V730HB22::detail::VariantAttorney::getData(TClient&) [with TClient = const ArduinoJson::V730HB22::JsonObject]	16	static
F:/Local Repositories/Remora-STM32CubeIDE/Remora-STM32H7xx/Core/Src/lib/ArduinoJson7/ArduinoJson/Variant/VariantData.hpp:302:23:static ArduinoJson::V730HB22::detail::VariantData* ArduinoJson::V730HB22::detail::VariantData::getMember(const ArduinoJson::V730HB22::detail::VariantData*, TAdaptedString, const ArduinoJson::V730HB22::detail::ResourceManager*) [with TAdaptedString = ArduinoJson::V730HB22::detail::RamString]	32	static
F:/Local Repositories/Remora-STM32CubeIDE/Remora-STM32H7xx/Core/Src/lib/ArduinoJson7/ArduinoJson/Numbers/convertNumber.hpp:130:1:ArduinoJson::V730HB22::detail::enable_if_t<(ArduinoJson::V730HB22::detail::is_floating_point<TIn>::value && ArduinoJson::V730HB22::detail::is_floating_point<T>::value), bool> ArduinoJson::V730HB22::detail::canConvertNumber(TIn) [with TOut = float; TIn = float]	16	static
F:/Local Repositories/Remora-STM32CubeIDE/Remora-STM32H7xx/Core/Src/lib/ArduinoJson7/ArduinoJson/Numbers/convertNumber.hpp:45:1:ArduinoJson::V730HB22::detail::enable_if_t<(ArduinoJson::V730HB22::detail::is_integral<TIn>::value && ArduinoJson::V730HB22::detail::is_floating_point<T>::value), bool> ArduinoJson::V730HB22::detail::canConvertNumber(TIn) [with TOut = float; TIn = long long int]	16	static
F:/Local Repositories/Remora-STM32CubeIDE/Remora-STM32H7xx/Core/Src/lib/ArduinoJson7/ArduinoJson/Numbers/convertNumber.hpp:45:1:ArduinoJson::V730HB22::detail::enable_if_t<(ArduinoJson::V730HB22::detail::is_integral<TIn>::value && ArduinoJson::V730HB22::detail::is_floating_point<T>::value), bool> ArduinoJson::V730HB22::detail::canConvertNumber(TIn) [with TOut = float; TIn = long long unsigned int]	16	static
F:/Local Repositories/Remora-STM32CubeIDE/Remora-STM32H7xx/Core/Src/lib/ArduinoJson7/ArduinoJson/Numbers/convertNumber.hpp:130:1:ArduinoJson::V730HB22::detail::enable_if_t<(ArduinoJson::V730HB22::detail::is_floating_point<TIn>::value && ArduinoJson::V730HB22::detail::is_floating_point<T>::value), bool> ArduinoJson::V730HB22::detail::canConvertNumber(TIn) [with TOut = float; TIn = double]	16	static
C:\ST\STM32CubeIDE_1.16.1\STM32CubeIDE\plugins\com.st.stm32cube.ide.mcu.externaltools.gnu-tools-for-stm32.12.3.rel1.win32_1.0.200.202406191623\tools\arm-none-eabi\include\c++\12.3.1\bits\new_allocator.h:210:7:constexpr std::__new_allocator<_Tp>::size_type std::__new_allocator<_Tp>::_M_max_size() const [with _Tp = std::_Sp_counted_ptr_inplace<TMC2208, std::allocator<void>, __gnu_cxx::_S_single>]	16	static
F:/Local Repositories/Remora-STM32CubeIDE/Remora-STM32H7xx/Core/Src/lib/ArduinoJson7/ArduinoJson/Variant/VariantData.hpp:296:16:ArduinoJson::V730HB22::detail::VariantData* ArduinoJson::V730HB22::detail::VariantData::getMember(TAdaptedString, const ArduinoJson::V730HB22::detail::ResourceManager*) const [with TAdaptedString = ArduinoJson::V730HB22::detail::RamString]	32	static
C:\ST\STM32CubeIDE_1.16.1\STM32CubeIDE\plugins\com.st.stm32cube.ide.mcu.externaltools.gnu-tools-for-stm32.12.3.rel1.win32_1.0.200.202406191623\tools\arm-none-eabi\include\c++\12.3.1\bits\shared_ptr_base.h:608:7:std::_Sp_counted_ptr_inplace<_Tp, _Alloc, _Lp>::~_Sp_counted_ptr_inplace() [with _Tp = TMC2208; _Alloc = std::allocator<void>; __gnu_cxx::_Lock_policy _Lp = __gnu_cxx::_S_single]	16	static
C:\ST\STM32CubeIDE_1.16.1\STM32CubeIDE\plugins\com.st.stm32cube.ide.mcu.externaltools.gnu-tools-for-stm32.12.3.rel1.win32_1.0.200.202406191623\tools\arm-none-eabi\include\c++\12.3.1\bits\shared_ptr_base.h:608:7:std::_Sp_counted_ptr_inplace<_Tp, _Alloc, _Lp>::~_Sp_counted_ptr_inplace() [with _Tp = TMC2208; _Alloc = std::allocator<void>; __gnu_cxx::_Lock_policy _Lp = __gnu_cxx::_S_single]	16	static
C:\ST\STM32CubeIDE_1.16.1\STM32CubeIDE\plugins\com.st.stm32cube.ide.mcu.externaltools.gnu-tools-for-stm32.12.3.rel1.win32_1.0.200.202406191623\tools\arm-none-eabi\include\c++\12.3.1\bits\shared_ptr_base.h:611:7:void std::_Sp_counted_ptr_inplace<_Tp, _Alloc, _Lp>::_M_dispose() [with _Tp = TMC2208; _Alloc = std::allocator<void>; __gnu_cxx::_Lock_policy _Lp = __gnu_cxx::_S_single]	24	static
C:\ST\STM32CubeIDE_1.16.1\STM32CubeIDE\plugins\com.st.stm32cube.ide.mcu.externaltools.gnu-tools-for-stm32.12.3.rel1.win32_1.0.200.202406191623\tools\arm-none-eabi\include\c++\12.3.1\bits\shared_ptr_base.h:618:7:void std::_Sp_counted_ptr_inplace<_Tp, _Alloc, _Lp>::_M_destroy() [with _Tp = TMC2208; _Alloc = std::allocator<void>; __gnu_cxx::_Lock_policy _Lp = __gnu_cxx::_S_single]	32	static
C:\ST\STM32CubeIDE_1.16.1\STM32CubeIDE\plugins\com.st.stm32cube.ide.mcu.externaltools.gnu-tools-for-stm32.12.3.rel1.win32_1.0.200.202406191623\tools\arm-none-eabi\include\c++\12.3.1\bits\shared_ptr_base.h:631:7:void* std::_Sp_counted_ptr_inplace<_Tp, _Alloc, _Lp>::_M_get_deleter(const std::type_info&) [with _Tp = TMC2208; _Alloc = std::allocator<void>; __gnu_cxx::_Lock_policy _Lp = __gnu_cxx::_S_single]	24	static
C:\ST\STM32CubeIDE_1.16.1\STM32CubeIDE\plugins\com.st.stm32cube.ide.mcu.externaltools.gnu-tools-for-stm32.12.3.rel1.win32_1.0.200.202406191623\tools\arm-none-eabi\include\c++\12.3.1\bits\shared_ptr_base.h:589:10:_Alloc& std::_Sp_counted_ptr_inplace<_Tp, _Alloc, _Lp>::_Impl::_M_alloc() [with _Tp = TMC2208; _Alloc = std::allocator<void>; __gnu_cxx::_Lock_policy _Lp = __gnu_cxx::_S_single]	16	static
C:\ST\STM32CubeIDE_1.16.1\STM32CubeIDE\plugins\com.st.stm32cube.ide.mcu.externaltools.gnu-tools-for-stm32.12.3.rel1.win32_1.0.200.202406191623\tools\arm-none-eabi\include\c++\12.3.1\bits\alloc_traits.h:646:2:static void std::allocator_traits<std::allocator<void> >::destroy(allocator_type&, _Up*) [with _Up = TMC2208]	16	static
C:\ST\STM32CubeIDE_1.16.1\STM32CubeIDE\plugins\com.st.stm32cube.ide.mcu.externaltools.gnu-tools-for-stm32.12.3.rel1.win32_1.0.200.202406191623\tools\arm-none-eabi\include\c++\12.3.1\bits\shared_ptr_base.h:474:7:static _Tp& std::_Sp_ebo_helper<_Nm, _Tp, true>::_S_get(std::_Sp_ebo_helper<_Nm, _Tp, true>&) [with int _Nm = 0; _Tp = std::allocator<void>]	16	static
C:\ST\STM32CubeIDE_1.16.1\STM32CubeIDE\plugins\com.st.stm32cube.ide.mcu.externaltools.gnu-tools-for-stm32.12.3.rel1.win32_1.0.200.202406191623\tools\arm-none-eabi\include\c++\12.3.1\bits\stl_construct.h:146:5:constexpr void std::_Destroy(_Tp*) [with _Tp = TMC2208]	16	static
